Component: Arm Compiler for Embedded 6.24 Tool: armlink [5f371500]

==============================================================================

Section Cross References

    startup_stm32l073xx.o(STACK) refers (Special) to heapauxi.o(.text) for __use_two_region_memory
    startup_stm32l073xx.o(HEAP) refers (Special) to heapauxi.o(.text) for __use_two_region_memory
    startup_stm32l073xx.o(RESET) refers (Special) to heapauxi.o(.text) for __use_two_region_memory
    startup_stm32l073xx.o(RESET) refers to startup_stm32l073xx.o(STACK) for __initial_sp
    startup_stm32l073xx.o(RESET) refers to startup_stm32l073xx.o(.text) for Reset_Handler
    startup_stm32l073xx.o(RESET) refers to stm32l0xx_it.o(.text.NMI_Handler) for NMI_Handler
    startup_stm32l073xx.o(RESET) refers to stm32l0xx_it.o(.text.HardFault_Handler) for HardFault_Handler
    startup_stm32l073xx.o(RESET) refers to stm32l0xx_it.o(.text.SVC_Handler) for SVC_Handler
    startup_stm32l073xx.o(RESET) refers to stm32l0xx_it.o(.text.PendSV_Handler) for PendSV_Handler
    startup_stm32l073xx.o(RESET) refers to stm32l0xx_it.o(.text.SysTick_Handler) for SysTick_Handler
    startup_stm32l073xx.o(RESET) refers to stm32l0xx_it.o(.text.DMA1_Channel1_IRQHandler) for DMA1_Channel1_IRQHandler
    startup_stm32l073xx.o(RESET) refers to stm32l0xx_it.o(.text.ADC1_COMP_IRQHandler) for ADC1_COMP_IRQHandler
    startup_stm32l073xx.o(RESET) refers to stm32l0xx_it.o(.text.TIM6_DAC_IRQHandler) for TIM6_DAC_IRQHandler
    startup_stm32l073xx.o(RESET) refers to stm32l0xx_it.o(.text.TIM7_IRQHandler) for TIM7_IRQHandler
    startup_stm32l073xx.o(RESET) refers to stm32l0xx_it.o(.text.USART2_IRQHandler) for USART2_IRQHandler
    startup_stm32l073xx.o(.text) refers (Special) to heapauxi.o(.text) for __use_two_region_memory
    startup_stm32l073xx.o(.text) refers to system_stm32l0xx.o(.text.SystemInit) for SystemInit
    startup_stm32l073xx.o(.text) refers to __main.o(!!!main) for __main
    startup_stm32l073xx.o(.text) refers to startup_stm32l073xx.o(HEAP) for Heap_Mem
    startup_stm32l073xx.o(.text) refers to startup_stm32l073xx.o(STACK) for Stack_Mem
    main.o(.text.HandleError_Uart) refers to stm32l0xx_hal_uart.o(.text.HAL_UART_GetError) for HAL_UART_GetError
    main.o(.text.HandleError_Uart) refers to main.o(.bss.huart2) for huart2
    main.o(.ARM.exidx.text.HandleError_Uart) refers to main.o(.text.HandleError_Uart) for [Anonymous Symbol]
    main.o(.text.HAL_UART_TxCpltCallback) refers to main.o(.bss.Status) for Status
    main.o(.ARM.exidx.text.HAL_UART_TxCpltCallback) refers to main.o(.text.HAL_UART_TxCpltCallback) for [Anonymous Symbol]
    main.o(.text.statechart_startConvADC) refers to stm32l0xx_hal_adc.o(.text.HAL_ADC_Start_DMA) for HAL_ADC_Start_DMA
    main.o(.text.statechart_startConvADC) refers to main.o(.bss.hadc) for hadc
    main.o(.text.statechart_startConvADC) refers to main.o(.bss.ADC_VAL) for ADC_VAL
    main.o(.ARM.exidx.text.statechart_startConvADC) refers to main.o(.text.statechart_startConvADC) for [Anonymous Symbol]
    main.o(.text.statechart_readADCSample) refers to main.o(.bss.ADC_VAL) for ADC_VAL
    main.o(.text.statechart_readADCSample) refers to main.o(.bss.ADC_Sample) for ADC_Sample
    main.o(.ARM.exidx.text.statechart_readADCSample) refers to main.o(.text.statechart_readADCSample) for [Anonymous Symbol]
    main.o(.text.statechart_saveADCSample) refers to main.o(.bss.ADC_VAL) for ADC_VAL
    main.o(.text.statechart_saveADCSample) refers to main.o(.bss.DataBufferADC) for DataBufferADC
    main.o(.ARM.exidx.text.statechart_saveADCSample) refers to main.o(.text.statechart_saveADCSample) for [Anonymous Symbol]
    main.o(.text.Calibrate_Bias) refers to fflti.o(.text) for __aeabi_ui2f
    main.o(.text.Calibrate_Bias) refers to fdiv.o(.text) for __aeabi_fdiv
    main.o(.text.Calibrate_Bias) refers to fmul.o(x$fpl$fmul) for __aeabi_fmul
    main.o(.text.Calibrate_Bias) refers to faddsub.o(x$fpl$fadd) for __aeabi_fadd
    main.o(.text.Calibrate_Bias) refers to main.o(.data.V_BIAS) for V_BIAS
    main.o(.text.Calibrate_Bias) refers to main.o(.bss.DataBufferADC) for DataBufferADC
    main.o(.ARM.exidx.text.Calibrate_Bias) refers to main.o(.text.Calibrate_Bias) for [Anonymous Symbol]
    main.o(.text.statechart_processData) refers to fflti.o(.text) for __aeabi_ui2f
    main.o(.text.statechart_processData) refers to fdiv.o(.text) for __aeabi_fdiv
    main.o(.text.statechart_processData) refers to fmul.o(x$fpl$fmul) for __aeabi_fmul
    main.o(.text.statechart_processData) refers to faddsub.o(x$fpl$fsub) for __aeabi_fsub
    main.o(.text.statechart_processData) refers to faddsub.o(x$fpl$fadd) for __aeabi_fadd
    main.o(.text.statechart_processData) refers to fcmp.o(i._fleq) for __aeabi_fcmple
    main.o(.text.statechart_processData) refers to sqrtf.o(i.sqrtf) for sqrtf
    main.o(.text.statechart_processData) refers to stm32l0xx_hal_gpio.o(.text.HAL_GPIO_WritePin) for HAL_GPIO_WritePin
[...]
    _printf_llx                              0x080001fb   Thumb Code     0  _printf_llx.o(.ARM.Collect$$_printf_percent$$00000011)
    _printf_l                                0x08000205   Thumb Code     0  _printf_l.o(.ARM.Collect$$_printf_percent$$00000012)
    _printf_c                                0x0800020f   Thumb Code     0  _printf_c.o(.ARM.Collect$$_printf_percent$$00000013)
    _printf_s                                0x08000219   Thumb Code     0  _printf_s.o(.ARM.Collect$$_printf_percent$$00000014)
    _printf_lc                               0x08000223   Thumb Code     0  _printf_lc.o(.ARM.Collect$$_printf_percent$$00000015)
    _printf_ls                               0x0800022d   Thumb Code     0  _printf_ls.o(.ARM.Collect$$_printf_percent$$00000016)
    _printf_percent_end                      0x08000237   Thumb Code     0  _printf_percent_end.o(.ARM.Collect$$_printf_percent$$00000017)
    __rt_lib_init                            0x0800023b   Thumb Code     0  libinit.o(.ARM.Collect$$libinit$$00000000)
    __rt_lib_init_fp_1                       0x0800023d   Thumb Code     0  libinit2.o(.ARM.Collect$$libinit$$00000002)
    __rt_lib_init_heap_1                     0x0800023d   Thumb Code     0  libinit2.o(.ARM.Collect$$libinit$$0000000C)
    __rt_lib_init_lc_common                  0x0800023d   Thumb Code     0  libinit2.o(.ARM.Collect$$libinit$$00000011)
    __rt_lib_init_preinit_1                  0x0800023d   Thumb Code     0  libinit2.o(.ARM.Collect$$libinit$$00000006)
    __rt_lib_init_rand_1                     0x0800023d   Thumb Code     0  libinit2.o(.ARM.Collect$$libinit$$00000010)
    __rt_lib_init_relocate_pie_1             0x0800023d   Thumb Code     0  libinit2.o(.ARM.Collect$$libinit$$00000004)
    __rt_lib_init_user_alloc_1               0x0800023d   Thumb Code     0  libinit2.o(.ARM.Collect$$libinit$$0000000E)
    __rt_lib_init_lc_collate_1               0x08000243   Thumb Code     0  libinit2.o(.ARM.Collect$$libinit$$00000013)
    __rt_lib_init_lc_ctype_2                 0x08000243   Thumb Code     0  libinit2.o(.ARM.Collect$$libinit$$00000014)
    __rt_lib_init_lc_ctype_1                 0x0800024f   Thumb Code     0  libinit2.o(.ARM.Collect$$libinit$$00000015)
    __rt_lib_init_lc_monetary_1              0x0800024f   Thumb Code     0  libinit2.o(.ARM.Collect$$libinit$$00000017)
    __rt_lib_init_lc_numeric_2               0x0800024f   Thumb Code     0  libinit2.o(.ARM.Collect$$libinit$$00000018)
    __rt_lib_init_alloca_1                   0x08000259   Thumb Code     0  libinit2.o(.ARM.Collect$$libinit$$00000030)
    __rt_lib_init_argv_1                     0x08000259   Thumb Code     0  libinit2.o(.ARM.Collect$$libinit$$0000002E)
    __rt_lib_init_atexit_1                   0x08000259   Thumb Code     0  libinit2.o(.ARM.Collect$$libinit$$0000001D)
    __rt_lib_init_clock_1                    0x08000259   Thumb Code     0  libinit2.o(.ARM.Collect$$libinit$$00000023)
    __rt_lib_init_cpp_1                      0x08000259   Thumb Code     0  libinit2.o(.ARM.Collect$$libinit$$00000034)
    __rt_lib_init_exceptions_1               0x08000259   Thumb Code     0  libinit2.o(.ARM.Collect$$libinit$$00000032)
    __rt_lib_init_fp_trap_1                  0x08000259   Thumb Code     0  libinit2.o(.ARM.Collect$$libinit$$00000021)
    __rt_lib_init_getenv_1                   0x08000259   Thumb Code     0  libinit2.o(.ARM.Collect$$libinit$$00000025)
    __rt_lib_init_lc_numeric_1               0x08000259   Thumb Code     0  libinit2.o(.ARM.Collect$$libinit$$00000019)
    __rt_lib_init_lc_time_1                  0x08000259   Thumb Code     0  libinit2.o(.ARM.Collect$$libinit$$0000001B)
    __rt_lib_init_return                     0x08000259   Thumb Code     0  libinit2.o(.ARM.Collect$$libinit$$00000035)
    __rt_lib_init_signal_1                   0x08000259   Thumb Code     0  libinit2.o(.ARM.Collect$$libinit$$0000001F)
    __rt_lib_init_stdio_1                    0x08000259   Thumb Code     0  libinit2.o(.ARM.Collect$$libinit$$00000027)
    __rt_lib_shutdown                        0x0800025b   Thumb Code     0  libshutdown.o(.ARM.Collect$$libshutdown$$00000000)
    __rt_lib_shutdown_cpp_1                  0x0800025d   Thumb Code     0  libshutdown2.o(.ARM.Collect$$libshutdown$$00000002)
    __rt_lib_shutdown_fp_trap_1              0x0800025d   Thumb Code     0  libshutdown2.o(.ARM.Collect$$libshutdown$$00000007)
    __rt_lib_shutdown_heap_1                 0x0800025d   Thumb Code     0  libshutdown2.o(.ARM.Collect$$libshutdown$$0000000F)
    __rt_lib_shutdown_return                 0x0800025d   Thumb Code     0  libshutdown2.o(.ARM.Collect$$libshutdown$$00000010)
    __rt_lib_shutdown_signal_1               0x0800025d   Thumb Code     0  libshutdown2.o(.ARM.Collect$$libshutdown$$0000000A)
    __rt_lib_shutdown_stdio_1                0x0800025d   Thumb Code     0  libshutdown2.o(.ARM.Collect$$libshutdown$$00000004)
    __rt_lib_shutdown_user_alloc_1           0x0800025d   Thumb Code     0  libshutdown2.o(.ARM.Collect$$libshutdown$$0000000C)
    __rt_entry                               0x0800025f   Thumb Code     0  __rtentry.o(.ARM.Collect$$rtentry$$00000000)
    __rt_entry_presh_1                       0x0800025f   Thumb Code     0  __rtentry2.o(.ARM.Collect$$rtentry$$00000002)
    __rt_entry_sh                            0x0800025f   Thumb Code     0  __rtentry4.o(.ARM.Collect$$rtentry$$00000004)
    __rt_entry_li                            0x08000265   Thumb Code     0  __rtentry2.o(.ARM.Collect$$rtentry$$0000000A)
    __rt_entry_postsh_1                      0x08000265   Thumb Code     0  __rtentry2.o(.ARM.Collect$$rtentry$$00000009)
    __rt_entry_main                          0x08000269   Thumb Code     0  __rtentry2.o(.ARM.Collect$$rtentry$$0000000D)
    __rt_entry_postli_1                      0x08000269   Thumb Code     0  __rtentry2.o(.ARM.Collect$$rtentry$$0000000C)
    __rt_exit                                0x08000271   Thumb Code     0  rtexit.o(.ARM.Collect$$rtexit$$00000000)
    __rt_exit_ls                             0x08000273   Thumb Code     0  rtexit2.o(.ARM.Collect$$rtexit$$00000003)
    __rt_exit_prels_1                        0x08000273   Thumb Code     0  rtexit2.o(.ARM.Collect$$rtexit$$00000002)
    __rt_exit_exit                           0x08000277   Thumb Code     0  rtexit2.o(.ARM.Collect$$rtexit$$00000004)
    Reset_Handler                            0x0800027d   Thumb Code     8  startup_stm32l073xx.o(.text)
    DMA1_Channel2_3_IRQHandler               0x0800028f   Thumb Code     0  startup_stm32l073xx.o(.text)
    DMA1_Channel4_5_6_7_IRQHandler           0x0800028f   Thumb Code     0  startup_stm32l073xx.o(.text)
    EXTI0_1_IRQHandler                       0x0800028f   Thumb Code     0  startup_stm32l073xx.o(.text)
    EXTI2_3_IRQHandler                       0x0800028f   Thumb Code     0  startup_stm32l073xx.o(.text)
    EXTI4_15_IRQHandler                      0x0800028f   Thumb Code     0  startup_stm32l073xx.o(.text)
    FLASH_IRQHandler                         0x0800028f   Thumb Code     0  startup_stm32l073xx.o(.text)
    I2C1_IRQHandler                          0x0800028f   Thumb Code     0  startup_stm32l073xx.o(.text)
    I2C2_IRQHandler                          0x0800028f   Thumb Code     0  startup_stm32l073xx.o(.text)
    I2C3_IRQHandler                          0x0800028f   Thumb Code     0  startup_stm32l073xx.o(.text)
    LCD_IRQHandler                           0x0800028f   Thumb Code     0  startup_stm32l073xx.o(.text)
    LPTIM1_IRQHandler                        0x0800028f   Thumb Code     0  startup_stm32l073xx.o(.text)
    PVD_IRQHandler                           0x0800028f   Thumb Code     0  startup_stm32l073xx.o(.text)
    RCC_CRS_IRQHandler                       0x0800028f   Thumb Code     0  startup_stm32l073xx.o(.text)
    RNG_LPUART1_IRQHandler                   0x0800028f   Thumb Code     0  startup_stm32l073xx.o(.text)
    RTC_IRQHandler                           0x0800028f   Thumb Code     0  startup_stm32l073xx.o(.text)
    SPI1_IRQHandler                          0x0800028f   Thumb Code     0  startup_stm32l073xx.o(.text)
    SPI2_IRQHandler                          0x0800028f   Thumb Code     0  startup_stm32l073xx.o(.text)
    TIM21_IRQHandler                         0x0800028f   Thumb Code     0  startup_stm32l073xx.o(.text)
    TIM22_IRQHandler                         0x0800028f   Thumb Code     0  startup_stm32l073xx.o(.text)
    TIM2_IRQHandler                          0x0800028f   Thumb Code     0  startup_stm32l073xx.o(.text)
    TIM3_IRQHandler                          0x0800028f   Thumb Code     0  startup_stm32l073xx.o(.text)
    TSC_IRQHandler                           0x0800028f   Thumb Code     0  startup_stm32l073xx.o(.text)
    USART1_IRQHandler                        0x0800028f   Thumb Code     0  startup_stm32l073xx.o(.text)
    USART4_5_IRQHandler                      0x0800028f   Thumb Code     0  startup_stm32l073xx.o(.text)
    USB_IRQHandler                           0x0800028f   Thumb Code     0  startup_stm32l073xx.o(.text)
    WWDG_IRQHandler                          0x0800028f   Thumb Code     0  startup_stm32l073xx.o(.text)
    __user_initial_stackheap                 0x08000291   Thumb Code     0  startup_stm32l073xx.o(.text)
    __aeabi_uldivmod                         0x080002b5   Thumb Code   272  lludiv.o(.text)
    _ll_udiv                                 0x080002b5   Thumb Code     0  lludiv.o(.text)
    sprintf                                  0x080003c5   Thumb Code    40  sprintf.o(.text)
    snprintf                                 0x080003f1   Thumb Code    60  snprintf.o(.text)
    strlen                                   0x08000431   Thumb Code    62  strlen.o(.text)
    __aeabi_memset                           0x08000475   Thumb Code    18  aeabi_memset.o(.text)
    _memset_w                                0x08000487   Thumb Code    26  rt_memclr.o(.text)
    _memset                                  0x080004a1   Thumb Code    30  rt_memclr.o(.text)
    __aeabi_memclr                           0x080004bf   Thumb Code     4  rt_memclr.o(.text)
    __rt_memclr                              0x080004bf   Thumb Code     0  rt_memclr.o(.text)
    __aeabi_memclr4                          0x080004c3   Thumb Code     0  rt_memclr.o(.text)
    __aeabi_memclr8                          0x080004c3   Thumb Code     0  rt_memclr.o(.text)
    __rt_memclr_w                            0x080004c3   Thumb Code     4  rt_memclr.o(.text)
    __aeabi_uidiv                            0x080004c9   Thumb Code     0  aeabi_sdiv.o(.text)
    __aeabi_uidivmod                         0x080004c9   Thumb Code    20  aeabi_sdiv.o(.text)
    __aeabi_idiv                             0x080004dd   Thumb Code     0  aeabi_sdiv.o(.text)
    __aeabi_idivmod                          0x080004dd   Thumb Code   338  aeabi_sdiv.o(.text)
    __use_two_region_memory                  0x08000635   Thumb Code     2  heapauxi.o(.text)
    __rt_heap_escrow$2region                 0x08000637   Thumb Code     2  heapauxi.o(.text)
    __rt_heap_expand$2region                 0x08000639   Thumb Code     2  heapauxi.o(.text)
    __aeabi_f2d                              0x0800063d   Thumb Code     0  f2d.o(.text)
    __extendsfdf2                            0x0800063d   Thumb Code     0  f2d.o(.text)
    _f2d                                     0x0800063d   Thumb Code    80  f2d.o(.text)
    __aeabi_fdiv                             0x08000691   Thumb Code     0  fdiv.o(.text)
    __divsf3                                 0x08000691   Thumb Code     0  fdiv.o(.text)
    _fdiv                                    0x08000691   Thumb Code   334  fdiv.o(.text)
    _frdiv                                   0x080007df   Thumb Code     8  fdiv.o(.text)
    __aeabi_i2f_normalise                    0x080007f1   Thumb Code    72  fflti.o(.text)
    __aeabi_i2f                              0x08000839   Thumb Code    16  fflti.o(.text)
    _fflt                                    0x08000839   Thumb Code     0  fflti.o(.text)
    __aeabi_ui2f                             0x08000849   Thumb Code     6  fflti.o(.text)
    _ffltu                                   0x08000849   Thumb Code     0  fflti.o(.text)
    __read_errno                             0x0800084f   Thumb Code    10  _rserrno.o(.text)
    __set_errno                              0x08000859   Thumb Code    12  _rserrno.o(.text)
    _printf_pre_padding                      0x08000865   Thumb Code    44  _printf_pad.o(.text)
    _printf_post_padding                     0x08000891   Thumb Code    34  _printf_pad.o(.text)
    _printf_truncate_signed                  0x080008b3   Thumb Code    18  _printf_truncate.o(.text)
    _printf_truncate_unsigned                0x080008c5   Thumb Code    18  _printf_truncate.o(.text)
    _printf_str                              0x080008d7   Thumb Code    82  _printf_str.o(.text)
    _printf_int_dec                          0x08000929   Thumb Code    90  _printf_dec.o(.text)
    _printf_charcount                        0x08000995   Thumb Code    38  _printf_charcount.o(.text)
    _printf_char_common                      0x080009c7   Thumb Code    32  _printf_char_common.o(.text)
    _sputc                                   0x080009ed   Thumb Code    10  _sputc.o(.text)
    _snputc                                  0x080009f7   Thumb Code    16  _snputc.o(.text)
    _printf_wctomb                           0x08000a09   Thumb Code   182  _printf_wctomb.o(.text)
    _printf_longlong_dec                     0x08000ac5   Thumb Code    94  _printf_longlong_dec.o(.text)
    _printf_longlong_oct                     0x08000b35   Thumb Code    68  _printf_oct_int_ll.o(.text)
    _printf_int_oct                          0x08000b79   Thumb Code    24  _printf_oct_int_ll.o(.text)
    _printf_ll_oct                           0x08000b91   Thumb Code    10  _printf_oct_int_ll.o(.text)
    _printf_longlong_hex                     0x08000ba5   Thumb Code    88  _printf_hex_int_ll_ptr.o(.text)
    _printf_int_hex                          0x08000bfd   Thumb Code    28  _printf_hex_int_ll_ptr.o(.text)
    _printf_ll_hex                           0x08000c19   Thumb Code    10  _printf_hex_int_ll_ptr.o(.text)
    _printf_hex_ptr                          0x08000c23   Thumb Code    22  _printf_hex_int_ll_ptr.o(.text)
    __printf                                 0x08000c3d   Thumb Code   386  __printf_flags_ss_wp.o(.text)
    _fsqrt                                   0x08000dc5   Thumb Code   140  fsqrt.o(.text)
    __aeabi_errno_addr                       0x08000e55   Thumb Code     8  rt_errno_addr_intlibspace.o(.text)
    __errno$intlibspace                      0x08000e55   Thumb Code     0  rt_errno_addr_intlibspace.o(.text)
    __rt_errno_addr$intlibspace              0x08000e55   Thumb Code     0  rt_errno_addr_intlibspace.o(.text)
    _ll_udiv10                               0x08000e5d   Thumb Code   122  lludiv10.o(.text)
    _printf_int_common                       0x08000ed7   Thumb Code   176  _printf_intcommon.o(.text)
    _printf_fp_dec_real                      0x08001125   Thumb Code   620  _printf_fp_dec.o(.text)
    _printf_fp_hex_real                      0x0800139d   Thumb Code   718  _printf_fp_hex.o(.text)
    _printf_cs_common                        0x08001675   Thumb Code    22  _printf_char.o(.text)
    _printf_char                             0x0800168b   Thumb Code    16  _printf_char.o(.text)
    _printf_string                           0x0800169b   Thumb Code     8  _printf_char.o(.text)
    _printf_lcs_common                       0x080016a3   Thumb Code    22  _printf_wchar.o(.text)
    _printf_wchar                            0x080016b9   Thumb Code    16  _printf_wchar.o(.text)
    _printf_wstring                          0x080016c9   Thumb Code     8  _printf_wchar.o(.text)
    _c16rtomb                                0x080016d1   Thumb Code    66  _c16rtomb.o(.text)
    _wcrtomb                                 0x080016d1   Thumb Code     0  _c16rtomb.o(.text)
    __rt_udiv10                              0x08001713   Thumb Code    40  rtudiv10.o(.text)
    __fpl_fcmp_InfNaN                        0x0800173d   Thumb Code    96  fcmpin.o(.text)
    __user_libspace                          0x080017a1   Thumb Code     8  libspace.o(.text)
    __user_perproc_libspace                  0x080017a1   Thumb Code     0  libspace.o(.text)
    __user_perthread_libspace                0x080017a1   Thumb Code     0  libspace.o(.text)
    __user_setup_stackheap                   0x080017a9   Thumb Code    62  sys_stackheap_outer.o(.text)
    __rt_ctype_table                         0x080017e9   Thumb Code    16  rt_ctype_table.o(.text)
    __rt_locale                              0x080017f9   Thumb Code     8  rt_locale_intlibspace.o(.text)
    _printf_fp_infnan                        0x08001801   Thumb Code   120  _printf_fp_infnan.o(.text)
    _btod_etento                             0x08001889   Thumb Code   210  bigflt0.o(.text)
    _btod_d2e                                0x08001961   Thumb Code    64  btod.o(.text)
    _btod_emul                               0x08001d95   Thumb Code    28  btod.o(.text)
    _btod_emuld                              0x08001db1   Thumb Code   144  btod.o(.text)
    _btod_ediv                               0x08001e41   Thumb Code    26  btod.o(.text)
    _btod_edivd                              0x08001e5b   Thumb Code   124  btod.o(.text)
    exit                                     0x08001ee1   Thumb Code    16  exit.o(.text)
    __fpl_cmpreturn                          0x08001ef1   Thumb Code    46  cmpret.o(.text)
    __fpl_fcheck_NaN2                        0x08001f21   Thumb Code    10  fnan2.o(.text)
    strcmp                                   0x08001f31   Thumb Code   132  strcmp.o(.text)
    __fpl_return_NaN                         0x08001fb9   Thumb Code    94  retnan.o(.text)
    _sys_exit                                0x08002019   Thumb Code     8  sys_exit.o(.text)
    __I$use$semihosting                      0x08002025   Thumb Code     0  use_no_semi.o(.text)
    __use_no_semihosting_swi                 0x08002025   Thumb Code     2  use_no_semi.o(.text)
    __semihosting_library_function           0x08002027   Thumb Code     0  indicate_semi.o(.text)
    ADC1_COMP_IRQHandler                     0x08002029   Thumb Code    12  stm32l0xx_it.o(.text.ADC1_COMP_IRQHandler)
    Calibrate_Bias                           0x08002231   Thumb Code    84  main.o(.text.Calibrate_Bias)
    DMA1_Channel1_IRQHandler                 0x08002299   Thumb Code    12  stm32l0xx_it.o(.text.DMA1_Channel1_IRQHandler)
    Error_Handler                            0x080022fd   Thumb Code    14  main.o(.text.Error_Handler)
    GFX_DrawChar                             0x0800230d   Thumb Code   352  gfx_bw.o(.text.GFX_DrawChar)
    GFX_DrawFastVLine                        0x0800246d   Thumb Code    38  gfx_bw.o(.text.GFX_DrawFastVLine)
    GFX_DrawFillRectangle                    0x08002493   Thumb Code    76  gfx_bw.o(.text.GFX_DrawFillRectangle)
    GFX_DrawString                           0x080024e1   Thumb Code   184  gfx_bw.o(.text.GFX_DrawString)
    GFX_SetFont                              0x08002599   Thumb Code    16  gfx_bw.o(.text.GFX_SetFont)
    GFX_SetFontSize                          0x080025ad   Thumb Code    28  gfx_bw.o(.text.GFX_SetFontSize)
    GFX_WriteLine                            0x080025cd   Thumb Code   324  gfx_bw.o(.text.GFX_WriteLine)
    HAL_ADCEx_Calibration_Start              0x08002715   Thumb Code   310  stm32l0xx_hal_adc_ex.o(.text.HAL_ADCEx_Calibration_Start)
    HAL_ADC_ConfigChannel                    0x0800284d   Thumb Code   336  stm32l0xx_hal_adc.o(.text.HAL_ADC_ConfigChannel)
    HAL_ADC_ConvCpltCallback                 0x080029ad   Thumb Code    16  main.o(.text.HAL_ADC_ConvCpltCallback)
    HAL_ADC_ConvHalfCpltCallback             0x080029c1   Thumb Code     8  stm32l0xx_hal_adc.o(.text.HAL_ADC_ConvHalfCpltCallback)
    HAL_ADC_ErrorCallback                    0x080029c9   Thumb Code     8  stm32l0xx_hal_adc.o(.text.HAL_ADC_ErrorCallback)
    HAL_ADC_IRQHandler                       0x080029d1   Thumb Code   378  stm32l0xx_hal_adc.o(.text.HAL_ADC_IRQHandler)
    HAL_ADC_Init                             0x08002b4d   Thumb Code   680  stm32l0xx_hal_adc.o(.text.HAL_ADC_Init)
    HAL_ADC_LevelOutOfWindowCallback         0x08002dfd   Thumb Code     8  stm32l0xx_hal_adc.o(.text.HAL_ADC_LevelOutOfWindowCallback)
    HAL_ADC_MspInit                          0x08002e05   Thumb Code   180  stm32l0xx_hal_msp.o(.text.HAL_ADC_MspInit)
    HAL_ADC_Start_DMA                        0x08002ecd   Thumb Code   252  stm32l0xx_hal_adc.o(.text.HAL_ADC_Start_DMA)
    HAL_DMA_Abort                            0x08002fd9   Thumb Code   122  stm32l0xx_hal_dma.o(.text.HAL_DMA_Abort)
    HAL_DMA_Abort_IT                         0x08003053   Thumb Code   124  stm32l0xx_hal_dma.o(.text.HAL_DMA_Abort_IT)
    HAL_DMA_IRQHandler                       0x080030cf   Thumb Code   348  stm32l0xx_hal_dma.o(.text.HAL_DMA_IRQHandler)
    HAL_DMA_Init                             0x0800322d   Thumb Code   204  stm32l0xx_hal_dma.o(.text.HAL_DMA_Init)
    HAL_DMA_Start_IT                         0x08003309   Thumb Code   202  stm32l0xx_hal_dma.o(.text.HAL_DMA_Start_IT)
    HAL_Delay                                0x080033d5   Thumb Code    64  stm32l0xx_hal.o(.text.HAL_Delay)
    HAL_GPIO_Init                            0x08003415   Thumb Code   744  stm32l0xx_hal_gpio.o(.text.HAL_GPIO_Init)
    HAL_GPIO_ReadPin                         0x08003725   Thumb Code    50  stm32l0xx_hal_gpio.o(.text.HAL_GPIO_ReadPin)
    HAL_GPIO_WritePin                        0x08003757   Thumb Code    44  stm32l0xx_hal_gpio.o(.text.HAL_GPIO_WritePin)
    HAL_GetTick                              0x08003785   Thumb Code     8  stm32l0xx_hal.o(.text.HAL_GetTick)
    HAL_IncTick                              0x0800378d   Thumb Code    16  stm32l0xx_hal.o(.text.HAL_IncTick)
    HAL_Init                                 0x080037a5   Thumb Code    56  stm32l0xx_hal.o(.text.HAL_Init)
    HAL_InitTick                             0x080037e1   Thumb Code   100  stm32l0xx_hal.o(.text.HAL_InitTick)
    HAL_MspInit                              0x08003851   Thumb Code    24  stm32l0xx_hal_msp.o(.text.HAL_MspInit)
    HAL_NVIC_EnableIRQ                       0x0800386d   Thumb Code    22  stm32l0xx_hal_cortex.o(.text.HAL_NVIC_EnableIRQ)
    HAL_NVIC_SetPriority                     0x08003883   Thumb Code    28  stm32l0xx_hal_cortex.o(.text.HAL_NVIC_SetPriority)
    HAL_RCCEx_PeriphCLKConfig                0x080038a1   Thumb Code   852  stm32l0xx_hal_rcc_ex.o(.text.HAL_RCCEx_PeriphCLKConfig)
    HAL_RCC_ClockConfig                      0x08003c0d   Thumb Code   744  stm32l0xx_hal_rcc.o(.text.HAL_RCC_ClockConfig)
    HAL_RCC_GetHCLKFreq                      0x08003f05   Thumb Code     8  stm32l0xx_hal_rcc.o(.text.HAL_RCC_GetHCLKFreq)
    HAL_RCC_GetPCLK1Freq                     0x08003f11   Thumb Code    28  stm32l0xx_hal_rcc.o(.text.HAL_RCC_GetPCLK1Freq)
    HAL_RCC_GetPCLK2Freq                     0x08003f2d   Thumb Code    28  stm32l0xx_hal_rcc.o(.text.HAL_RCC_GetPCLK2Freq)
    HAL_RCC_GetSysClockFreq                  0x08003f4d   Thumb Code   260  stm32l0xx_hal_rcc.o(.text.HAL_RCC_GetSysClockFreq)
    HAL_RCC_OscConfig                        0x0800406d   Thumb Code  2124  stm32l0xx_hal_rcc.o(.text.HAL_RCC_OscConfig)
    HAL_SPI_Init                             0x080048d9   Thumb Code   260  stm32l0xx_hal_spi.o(.text.HAL_SPI_Init)
    HAL_SPI_MspInit                          0x080049dd   Thumb Code   100  stm32l0xx_hal_msp.o(.text.HAL_SPI_MspInit)
    HAL_SPI_Transmit                         0x08004a4d   Thumb Code   712  stm32l0xx_hal_spi.o(.text.HAL_SPI_Transmit)
    HAL_SYSTICK_Config                       0x08004d15   Thumb Code    16  stm32l0xx_hal_cortex.o(.text.HAL_SYSTICK_Config)
    HAL_TIMEx_MasterConfigSynchronization    0x08004d25   Thumb Code   204  stm32l0xx_hal_tim_ex.o(.text.HAL_TIMEx_MasterConfigSynchronization)
    HAL_TIM_Base_Init                        0x08004df1   Thumb Code   128  stm32l0xx_hal_tim.o(.text.HAL_TIM_Base_Init)
    HAL_TIM_Base_MspInit                     0x08004e71   Thumb Code    96  stm32l0xx_hal_msp.o(.text.HAL_TIM_Base_MspInit)
    HAL_TIM_Base_Start_IT                    0x08004ed5   Thumb Code   160  stm32l0xx_hal_tim.o(.text.HAL_TIM_Base_Start_IT)
    HAL_TIM_IC_CaptureCallback               0x08004f81   Thumb Code     8  stm32l0xx_hal_tim.o(.text.HAL_TIM_IC_CaptureCallback)
    HAL_TIM_IRQHandler                       0x08004f89   Thumb Code   462  stm32l0xx_hal_tim.o(.text.HAL_TIM_IRQHandler)
    HAL_TIM_OC_DelayElapsedCallback          0x08005157   Thumb Code     8  stm32l0xx_hal_tim.o(.text.HAL_TIM_OC_DelayElapsedCallback)
    HAL_TIM_PWM_PulseFinishedCallback        0x0800515f   Thumb Code     8  stm32l0xx_hal_tim.o(.text.HAL_TIM_PWM_PulseFinishedCallback)
    HAL_TIM_PeriodElapsedCallback            0x08005169   Thumb Code    96  main.o(.text.HAL_TIM_PeriodElapsedCallback)
    HAL_TIM_TriggerCallback                  0x080051d9   Thumb Code     8  stm32l0xx_hal_tim.o(.text.HAL_TIM_TriggerCallback)
    HAL_UARTEx_RxEventCallback               0x080051e1   Thumb Code    12  stm32l0xx_hal_uart.o(.text.HAL_UARTEx_RxEventCallback)
    HAL_UARTEx_WakeupCallback                0x080051ed   Thumb Code     8  stm32l0xx_hal_uart_ex.o(.text.HAL_UARTEx_WakeupCallback)
    HAL_UART_ErrorCallback                   0x080051f5   Thumb Code     8  stm32l0xx_hal_uart.o(.text.HAL_UART_ErrorCallback)
    HAL_UART_IRQHandler                      0x080051fd   Thumb Code  1352  stm32l0xx_hal_uart.o(.text.HAL_UART_IRQHandler)
    HAL_UART_Init                            0x08005749   Thumb Code   176  stm32l0xx_hal_uart.o(.text.HAL_UART_Init)
    HAL_UART_MspInit                         0x080057f9   Thumb Code   120  stm32l0xx_hal_msp.o(.text.HAL_UART_MspInit)
    HAL_UART_Transmit_IT                     0x08005879   Thumb Code   244  stm32l0xx_hal_uart.o(.text.HAL_UART_Transmit_IT)
    HAL_UART_TxCpltCallback                  0x08005975   Thumb Code    28  main.o(.text.HAL_UART_TxCpltCallback)
    HardFault_Handler                        0x08005995   Thumb Code     4  stm32l0xx_it.o(.text.HardFault_Handler)
    NMI_Handler                              0x08005c79   Thumb Code     4  stm32l0xx_it.o(.text.NMI_Handler)
    PendSV_Handler                           0x08005c7d   Thumb Code     2  stm32l0xx_it.o(.text.PendSV_Handler)
    SSD1306_Clear                            0x08005e71   Thumb Code    60  oled_ssd1306.o(.text.SSD1306_Clear)
    SSD1306_Command                          0x08005ead   Thumb Code    40  oled_ssd1306.o(.text.SSD1306_Command)
    SSD1306_Display                          0x08005ed5   Thumb Code    56  oled_ssd1306.o(.text.SSD1306_Display)
    SSD1306_DisplayON                        0x08005f11   Thumb Code    38  oled_ssd1306.o(.text.SSD1306_DisplayON)
    SSD1306_DrawPixel                        0x08005f39   Thumb Code   216  oled_ssd1306.o(.text.SSD1306_DrawPixel)
    SSD1306_Init                             0x08006015   Thumb Code   172  oled_ssd1306.o(.text.SSD1306_Init)
    SSD1306_Reset                            0x080060c1   Thumb Code    40  oled_ssd1306.o(.text.SSD1306_Reset)
    SSD1306_RotateDisplay                    0x080060ed   Thumb Code    56  oled_ssd1306.o(.text.SSD1306_RotateDisplay)
    SSD1306_SetContrast                      0x08006125   Thumb Code    28  oled_ssd1306.o(.text.SSD1306_SetContrast)
    SSD1306_SpiInit                          0x08006141   Thumb Code    24  oled_ssd1306.o(.text.SSD1306_SpiInit)
    SSD1306_StopFadeOutOrBlinking            0x0800615d   Thumb Code    16  oled_ssd1306.o(.text.SSD1306_StopFadeOutOrBlinking)
    SSD1306_StopScroll                       0x0800616d   Thumb Code    10  oled_ssd1306.o(.text.SSD1306_StopScroll)
    SVC_Handler                              0x08006177   Thumb Code     2  stm32l0xx_it.o(.text.SVC_Handler)
    SysTick_Handler                          0x080061c9   Thumb Code     8  stm32l0xx_it.o(.text.SysTick_Handler)
    SystemClock_Config                       0x080061d1   Thumb Code   164  main.o(.text.SystemClock_Config)
    SystemInit                               0x08006279   Thumb Code     2  system_stm32l0xx.o(.text.SystemInit)
    TIM6_DAC_IRQHandler                      0x0800627d   Thumb Code    12  stm32l0xx_it.o(.text.TIM6_DAC_IRQHandler)
    TIM7_IRQHandler                          0x0800628d   Thumb Code    12  stm32l0xx_it.o(.text.TIM7_IRQHandler)
    UART_AdvFeatureConfig                    0x0800636d   Thumb Code   346  stm32l0xx_hal_uart.o(.text.UART_AdvFeatureConfig)
    UART_CheckIdleState                      0x080064c9   Thumb Code   344  stm32l0xx_hal_uart.o(.text.UART_CheckIdleState)
    UART_SetConfig                           0x0800673d   Thumb Code  1252  stm32l0xx_hal_uart.o(.text.UART_SetConfig)
    UART_WaitOnFlagUntilTimeout              0x08006d89   Thumb Code   264  stm32l0xx_hal_uart.o(.text.UART_WaitOnFlagUntilTimeout)
    USART2_IRQHandler                        0x08006e91   Thumb Code    12  stm32l0xx_it.o(.text.USART2_IRQHandler)
    main                                     0x080071b5   Thumb Code   100  main.o(.text.main)
    statechart_checkButtons                  0x08007751   Thumb Code   184  main.o(.text.statechart_checkButtons)
    statechart_displayInfo                   0x080078b9   Thumb Code   296  main.o(.text.statechart_displayInfo)
    statechart_enter                         0x08007a25   Thumb Code   114  statechart.o(.text.statechart_enter)
    statechart_init                          0x08007bd1   Thumb Code    78  statechart.o(.text.statechart_init)
    statechart_processData                   0x08007c31   Thumb Code   216  main.o(.text.statechart_processData)
    statechart_raise_ev_ADCSampleReady       0x08007d3d   Thumb Code    26  statechart.o(.text.statechart_raise_ev_ADCSampleReady)
    statechart_raise_ev_Button               0x08007d57   Thumb Code    26  statechart.o(.text.statechart_raise_ev_Button)
    statechart_raise_ev_DisplayLCD           0x08007d71   Thumb Code    26  statechart.o(.text.statechart_raise_ev_DisplayLCD)
    statechart_raise_ev_GetSample            0x08007d8b   Thumb Code    26  statechart.o(.text.statechart_raise_ev_GetSample)
    statechart_raise_ev_SendUart             0x08007da5   Thumb Code    26  statechart.o(.text.statechart_raise_ev_SendUart)
    statechart_readADCSample                 0x08007dc1   Thumb Code    20  main.o(.text.statechart_readADCSample)
    statechart_saveADCSample                 0x08007dd9   Thumb Code    36  main.o(.text.statechart_saveADCSample)
    statechart_sendUART                      0x08007e01   Thumb Code   108  main.o(.text.statechart_sendUART)
    statechart_startConvADC                  0x08007e89   Thumb Code    20  main.o(.text.statechart_startConvADC)
    __ARM_common_ll_muluu                    0x08007ea5   Thumb Code    48  btod.o(i.__ARM_common_ll_muluu)
    __ARM_fpclassify                         0x08007ed5   Thumb Code    40  fpclassify.o(i.__ARM_fpclassify)
    __aeabi_fcmple                           0x08007f01   Thumb Code     0  fcmp.o(i._fleq)
    _fleq                                    0x08007f01   Thumb Code    26  fcmp.o(i._fleq)
    _is_digit                                0x08007f1b   Thumb Code    14  __printf_wp.o(i._is_digit)
    sqrtf                                    0x08007f29   Thumb Code    44  sqrtf.o(i.sqrtf)
    _get_lc_numeric                          0x08007f55   Thumb Code    44  lc_numeric_c.o(locale$$code)
    _get_lc_ctype                            0x08007f81   Thumb Code    44  lc_ctype_c.o(locale$$code)
    __aeabi_fadd                             0x08007fad   Thumb Code     0  faddsub.o(x$fpl$fadd)
    _fadd                                    0x08007fad   Thumb Code   134  faddsub.o(x$fpl$fadd)
    __aeabi_cfcmple                          0x08008039   Thumb Code     0  flef.o(x$fpl$fleqf)
    _fcmple                                  0x08008039   Thumb Code    78  flef.o(x$fpl$fleqf)
    __aeabi_fmul                             0x0800808d   Thumb Code     0  fmul.o(x$fpl$fmul)
    _fmul                                    0x0800808d   Thumb Code   172  fmul.o(x$fpl$fmul)
    __aeabi_fsub                             0x0800813d   Thumb Code     0  faddsub.o(x$fpl$fsub)
    _fsub                                    0x0800813d   Thumb Code   204  faddsub.o(x$fpl$fsub)
    _printf_fp_dec                           0x0800820d   Thumb Code    16  printf1.o(x$fpl$printf1)
    _printf_fp_hex                           0x0800821d   Thumb Code    16  printf2.o(x$fpl$printf2)
    __I$use$fp                               0x0800822c   Number         0  usenofp.o(x$fpl$usenofp)
    AHBPrescTable                            0x08008368   Data          16  system_stm32l0xx.o(.rodata.AHBPrescTable)
    APBPrescTable                            0x08008378   Data           8  system_stm32l0xx.o(.rodata.APBPrescTable)
    PLLMulTable                              0x08008380   Data           9  system_stm32l0xx.o(.rodata.PLLMulTable)
    font_8x5                                 0x08008389   Data         477  main.o(.rodata.font_8x5)
    Region$$Table$$Base                      0x080085b0   Number         0  anon$$obj.o(Region$$Table)
    Region$$Table$$Limit                     0x080085d0   Number         0  anon$$obj.o(Region$$Table)
    __ctype                                  0x080085f9   Data           0  lc_ctype_c.o(locale$$data)
    SystemCoreClock                          0x20000000   Data           4  system_stm32l0xx.o(.data.SystemCoreClock)
    V_BIAS                                   0x20000004   Data           4  main.o(.data.V_BIAS)
    size                                     0x20000008   Data           1  gfx_bw.o(.data.size)
    uwTickFreq                               0x20000009   Data           1  stm32l0xx_hal.o(.data.uwTickFreq)
    uwTickPrio                               0x2000000c   Data           4  stm32l0xx_hal.o(.data.uwTickPrio)
    __libspace_start                         0x20000010   Data          96  libspace.o(.bss)
    ADC_Sample                               0x20000070   Data           2  main.o(.bss.ADC_Sample)
    __temporary_stack_top$libspace           0x20000070   Data           0  libspace.o(.bss)
    ADC_VAL                                  0x20000072   Data           2  main.o(.bss.ADC_VAL)
    Amplitude                                0x20000074   Data           4  main.o(.bss.Amplitude)
    Amplitude_Hold                           0x20000078   Data           4  main.o(.bss.Amplitude_Hold)
    DataBufferADC                            0x2000007c   Data         400  main.o(.bss.DataBufferADC)
    RMS_Hold                                 0x20000210   Data           4  main.o(.bss.RMS_Hold)
    RMS_Value                                0x20000214   Data           4  main.o(.bss.RMS_Value)
    Status                                   0x20000218   Data           1  main.o(.bss.Status)
    TxBuffer                                 0x20000219   Data          30  main.o(.bss.TxBuffer)
    cal_done                                 0x20000637   Data           1  main.o(.bss.cal_done)
    cal_msg_until                            0x20000638   Data           4  main.o(.bss.cal_msg_until)
    debug_flag_lcd                           0x2000063c   Data           4  main.o(.bss.debug_flag_lcd)
    debug_flag_uart                          0x20000640   Data           4  main.o(.bss.debug_flag_uart)
    font                                     0x20000644   Data           4  gfx_bw.o(.bss.font)
    hadc                                     0x20000648   Data          92  main.o(.bss.hadc)
    hdma_adc                                 0x200006a4   Data          72  main.o(.bss.hdma_adc)
    hold_active                              0x200006ec   Data           1  main.o(.bss.hold_active)
    hspi1                                    0x200006f0   Data          88  main.o(.bss.hspi1)
    htim6                                    0x20000748   Data          64  main.o(.bss.htim6)
    htim7                                    0x20000788   Data          64  main.o(.bss.htim7)
    huart2                                   0x200007c8   Data         136  main.o(.bss.huart2)
    sc_handle                                0x20000850   Data          64  main.o(.bss.sc_handle)
    ssd1306_spi                              0x20000890   Data           4  oled_ssd1306.o(.bss.ssd1306_spi)
    uwTick                                   0x200008c0   Data           4  stm32l0xx_hal.o(.bss.uwTick)
    v_out                                    0x200008c4   Data           4  main.o(.bss.v_out)
    v_shunt                                  0x200008c8   Data           4  main.o(.bss.v_shunt)



==============================================================================

Memory Map of the image

  Image Entry point : 0x080000c1

  Load Region LR_IROM1 (Base: 0x08000000, Size: 0x00008710, Max: 0x00030000, ABSOLUTE)

    Execution Region ER_IROM1 (Exec base: 0x08000000, Load base: 0x08000000, Size: 0x000086fc, Max: 0x00030000, ABSOLUTE)

    Exec Addr    Load Addr    Size         Type   Attr      Idx    E Section Name        Object

    0x08000000   0x08000000   0x000000c0   Data   RO            3    RESET               startup_stm32l073xx.o
    0x080000c0   0x080000c0   0x00000008   Code   RO         1545  * !!!main             c_p.l(__main.o)
    0x080000c8   0x080000c8   0x00000054   Code   RO         1950    !!!scatter          c_p.l(__scatter.o)
    0x0800011c   0x0800011c   0x0000001a   Code   RO         1954    !!handler_copy      c_p.l(__scatter_copy.o)
    0x08000136   0x08000136   0x00000002   PAD
    0x08000138   0x08000138   0x00000002   Code   RO         1951    !!handler_null      c_p.l(__scatter.o)
    0x0800013a   0x0800013a   0x00000002   PAD
    0x0800013c   0x0800013c   0x0000001c   Code   RO         1956    !!handler_zi        c_p.l(__scatter_zi.o)
    0x08000158   0x08000158   0x00000002   Code   RO         1684    .ARM.Collect$$_printf_percent$$00000000  c_p.l(_printf_percent.o)
    0x0800015a   0x0800015a   0x0000000a   Code   RO         1673    .ARM.Collect$$_printf_percent$$00000001  c_p.l(_printf_n.o)
    0x08000164   0x08000164   0x0000000a   Code   RO         1675    .ARM.Collect$$_printf_percent$$00000002  c_p.l(_printf_p.o)
    0x0800016e   0x0800016e   0x0000000a   Code   RO         1680    .ARM.Collect$$_printf_percent$$00000003  c_p.l(_printf_f.o)
    0x08000178   0x08000178   0x0000000a   Code   RO         1681    .ARM.Collect$$_printf_percent$$00000004  c_p.l(_printf_e.o)
    0x08000182   0x08000182   0x0000000a   Code   RO         1682    .ARM.Collect$$_printf_percent$$00000005  c_p.l(_printf_g.o)
    0x0800018c   0x0800018c   0x0000000a   Code   RO         1683    .ARM.Collect$$_printf_percent$$00000006  c_p.l(_printf_a.o)
    0x08000196   0x08000196   0x0000000a   Code   RO         1688    .ARM.Collect$$_printf_percent$$00000007  c_p.l(_printf_ll.o)
    0x080001a0   0x080001a0   0x0000000a   Code   RO         1677    .ARM.Collect$$_printf_percent$$00000008  c_p.l(_printf_i.o)
    0x080001aa   0x080001aa   0x0000000a   Code   RO         1678    .ARM.Collect$$_printf_percent$$00000009  c_p.l(_printf_d.o)
    0x080001b4   0x080001b4   0x0000000a   Code   RO         1679    .ARM.Collect$$_printf_percent$$0000000A  c_p.l(_printf_u.o)
    0x080001be   0x080001be   0x0000000a   Code   RO         1676    .ARM.Collect$$_printf_percent$$0000000B  c_p.l(_printf_o.o)
    0x080001c8   0x080001c8   0x0000000a   Code   RO         1674    .ARM.Collect$$_printf_percent$$0000000C  c_p.l(_printf_x.o)
    0x080001d2   0x080001d2   0x0000000a   Code   RO         1685    .ARM.Collect$$_printf_percent$$0000000D  c_p.l(_printf_lli.o)
    0x080001dc   0x080001dc   0x0000000a   Code   RO         1686    .ARM.Collect$$_printf_percent$$0000000E  c_p.l(_printf_lld.o)
    0x080001e6   0x080001e6   0x0000000a   Code   RO         1687    .ARM.Collect$$_printf_percent$$0000000F  c_p.l(_printf_llu.o)
    0x080001f0   0x080001f0   0x0000000a   Code   RO         1692    .ARM.Collect$$_printf_percent$$00000010  c_p.l(_printf_llo.o)
    0x080001fa   0x080001fa   0x0000000a   Code   RO         1693    .ARM.Collect$$_printf_percent$$00000011  c_p.l(_printf_llx.o)
    0x08000204   0x08000204   0x0000000a   Code   RO         1689    .ARM.Collect$$_printf_percent$$00000012  c_p.l(_printf_l.o)
    0x0800020e   0x0800020e   0x0000000a   Code   RO         1671    .ARM.Collect$$_printf_percent$$00000013  c_p.l(_printf_c.o)
    0x08000218   0x08000218   0x0000000a   Code   RO         1672    .ARM.Collect$$_printf_percent$$00000014  c_p.l(_printf_s.o)
    0x08000222   0x08000222   0x0000000a   Code   RO         1690    .ARM.Collect$$_printf_percent$$00000015  c_p.l(_printf_lc.o)
    0x0800022c   0x0800022c   0x0000000a   Code   RO         1691    .ARM.Collect$$_printf_percent$$00000016  c_p.l(_printf_ls.o)
    0x08000236   0x08000236   0x00000004   Code   RO         1750    .ARM.Collect$$_printf_percent$$00000017  c_p.l(_printf_percent_end.o)
    0x0800023a   0x0800023a   0x00000002   Code   RO         1795    .ARM.Collect$$libinit$$00000000  c_p.l(libinit.o)
    0x0800023c   0x0800023c   0x00000000   Code   RO         1821    .ARM.Collect$$libinit$$00000002  c_p.l(libinit2.o)
    0x0800023c   0x0800023c   0x00000000   Code   RO         1823    .ARM.Collect$$libinit$$00000004  c_p.l(libinit2.o)
    0x0800023c   0x0800023c   0x00000000   Code   RO         1825    .ARM.Collect$$libinit$$00000006  c_p.l(libinit2.o)
    0x0800023c   0x0800023c   0x00000000   Code   RO         1828    .ARM.Collect$$libinit$$0000000C  c_p.l(libinit2.o)
    0x0800023c   0x0800023c   0x00000000   Code   RO         1830    .ARM.Collect$$libinit$$0000000E  c_p.l(libinit2.o)
    0x0800023c   0x0800023c   0x00000000   Code   RO         1832    .ARM.Collect$$libinit$$00000010  c_p.l(libinit2.o)
    0x0800023c   0x0800023c   0x00000006   Code   RO         1833    .ARM.Collect$$libinit$$00000011  c_p.l(libinit2.o)
    0x08000242   0x08000242   0x00000000   Code   RO         1835    .ARM.Collect$$libinit$$00000013  c_p.l(libinit2.o)
    0x08000242   0x08000242   0x0000000c   Code   RO         1836    .ARM.Collect$$libinit$$00000014  c_p.l(libinit2.o)
    0x0800024e   0x0800024e   0x00000000   Code   RO         1837    .ARM.Collect$$libinit$$00000015  c_p.l(libinit2.o)
    0x0800024e   0x0800024e   0x00000000   Code   RO         1839    .ARM.Collect$$libinit$$00000017  c_p.l(libinit2.o)
    0x0800024e   0x0800024e   0x0000000a   Code   RO         1840    .ARM.Collect$$libinit$$00000018  c_p.l(libinit2.o)
    0x08000258   0x08000258   0x00000000   Code   RO         1841    .ARM.Collect$$libinit$$00000019  c_p.l(libinit2.o)
    0x08000258   0x08000258   0x00000000   Code   RO         1843    .ARM.Collect$$libinit$$0000001B  c_p.l(libinit2.o)
    0x08000258   0x08000258   0x00000000   Code   RO         1845    .ARM.Collect$$libinit$$0000001D  c_p.l(libinit2.o)
    0x08000258   0x08000258   0x00000000   Code   RO         1847    .ARM.Collect$$libinit$$0000001F  c_p.l(libinit2.o)
    0x08000258   0x08000258   0x00000000   Code   RO         1849    .ARM.Collect$$libinit$$00000021  c_p.l(libinit2.o)
    0x08000258   0x08000258   0x00000000   Code   RO         1851    .ARM.Collect$$libinit$$00000023  c_p.l(libinit2.o)
    0x08000258   0x08000258   0x00000000   Code   RO         1853    .ARM.Collect$$libinit$$00000025  c_p.l(libinit2.o)
    0x08000258   0x08000258   0x00000000   Code   RO         1855    .ARM.Collect$$libinit$$00000027  c_p.l(libinit2.o)
    0x08000258   0x08000258   0x00000000   Code   RO         1859    .ARM.Collect$$libinit$$0000002E  c_p.l(libinit2.o)
    0x08000258   0x08000258   0x00000000   Code   RO         1861    .ARM.Collect$$libinit$$00000030  c_p.l(libinit2.o)
    0x08000258   0x08000258   0x00000000   Code   RO         1863    .ARM.Collect$$libinit$$00000032  c_p.l(libinit2.o)
    0x08000258   0x08000258   0x00000000   Code   RO         1865    .ARM.Collect$$libinit$$00000034  c_p.l(libinit2.o)
    0x08000258   0x08000258   0x00000002   Code   RO         1866    .ARM.Collect$$libinit$$00000035  c_p.l(libinit2.o)
    0x0800025a   0x0800025a   0x00000002   Code   RO         1905    .ARM.Collect$$libshutdown$$00000000  c_p.l(libshutdown.o)
    0x0800025c   0x0800025c   0x00000000   Code   RO         1933    .ARM.Collect$$libshutdown$$00000002  c_p.l(libshutdown2.o)
    0x0800025c   0x0800025c   0x00000000   Code   RO         1935    .ARM.Collect$$libshutdown$$00000004  c_p.l(libshutdown2.o)
    0x0800025c   0x0800025c   0x00000000   Code   RO         1938    .ARM.Collect$$libshutdown$$00000007  c_p.l(libshutdown2.o)
    0x0800025c   0x0800025c   0x00000000   Code   RO         1941    .ARM.Collect$$libshutdown$$0000000A  c_p.l(libshutdown2.o)
    0x0800025c   0x0800025c   0x00000000   Code   RO         1943    .ARM.Collect$$libshutdown$$0000000C  c_p.l(libshutdown2.o)
    0x0800025c   0x0800025c   0x00000000   Code   RO         1946    .ARM.Collect$$libshutdown$$0000000F  c_p.l(libshutdown2.o)
    0x0800025c   0x0800025c   0x00000002   Code   RO         1947    .ARM.Collect$$libshutdown$$00000010  c_p.l(libshutdown2.o)
    0x0800025e   0x0800025e   0x00000000   Code   RO         1590    .ARM.Collect$$rtentry$$00000000  c_p.l(__rtentry.o)
    0x0800025e   0x0800025e   0x00000000   Code   RO         1712    .ARM.Collect$$rtentry$$00000002  c_p.l(__rtentry2.o)
    0x0800025e   0x0800025e   0x00000006   Code   RO         1724    .ARM.Collect$$rtentry$$00000004  c_p.l(__rtentry4.o)
    0x08000264   0x08000264   0x00000000   Code   RO         1714    .ARM.Collect$$rtentry$$00000009  c_p.l(__rtentry2.o)
    0x08000264   0x08000264   0x00000004   Code   RO         1715    .ARM.Collect$$rtentry$$0000000A  c_p.l(__rtentry2.o)
    0x08000268   0x08000268   0x00000000   Code   RO         1717    .ARM.Collect$$rtentry$$0000000C  c_p.l(__rtentry2.o)
    0x08000268   0x08000268   0x00000008   Code   RO         1718    .ARM.Collect$$rtentry$$0000000D  c_p.l(__rtentry2.o)
    0x08000270   0x08000270   0x00000002   Code   RO         1805    .ARM.Collect$$rtexit$$00000000  c_p.l(rtexit.o)
    0x08000272   0x08000272   0x00000000   Code   RO         1874    .ARM.Collect$$rtexit$$00000002  c_p.l(rtexit2.o)
    0x08000272   0x08000272   0x00000004   Code   RO         1875    .ARM.Collect$$rtexit$$00000003  c_p.l(rtexit2.o)
    0x08000276   0x08000276   0x00000006   Code   RO         1876    .ARM.Collect$$rtexit$$00000004  c_p.l(rtexit2.o)
    0x0800027c   0x0800027c   0x00000038   Code   RO            4    .text               startup_stm32l073xx.o
    0x080002b4   0x080002b4   0x00000110   Code   RO         1527    .text               c_p.l(lludiv.o)
    0x080003c4   0x080003c4   0x0000002c   Code   RO         1529    .text               c_p.l(sprintf.o)
    0x080003f0   0x080003f0   0x00000040   Code   RO         1531    .text               c_p.l(snprintf.o)
    0x08000430   0x08000430   0x00000044   Code   RO         1533    .text               c_p.l(strlen.o)
    0x08000474   0x08000474   0x00000012   Code   RO         1535    .text               c_p.l(aeabi_memset.o)
    0x08000486   0x08000486   0x00000040   Code   RO         1537    .text               c_p.l(rt_memclr.o)
    0x080004c6   0x080004c6   0x00000002   PAD
    0x080004c8   0x080004c8   0x0000016c   Code   RO         1539    .text               c_p.l(aeabi_sdiv.o)
    0x08000634   0x08000634   0x00000006   Code   RO         1543    .text               c_p.l(heapauxi.o)
    0x0800063a   0x0800063a   0x00000002   PAD
    0x0800063c   0x0800063c   0x00000054   Code   RO         1547    .text               fz_ps.l(f2d.o)
    0x08000690   0x08000690   0x00000160   Code   RO         1579    .text               fz_ps.l(fdiv.o)
    0x080007f0   0x080007f0   0x0000005e   Code   RO         1582    .text               fz_ps.l(fflti.o)
    0x0800084e   0x0800084e   0x00000016   Code   RO         1599    .text               c_p.l(_rserrno.o)
    0x08000864   0x08000864   0x0000004e   Code   RO         1603    .text               c_p.l(_printf_pad.o)
    0x080008b2   0x080008b2   0x00000024   Code   RO         1605    .text               c_p.l(_printf_truncate.o)
    0x080008d6   0x080008d6   0x00000052   Code   RO         1607    .text               c_p.l(_printf_str.o)
    0x08000928   0x08000928   0x0000006c   Code   RO         1609    .text               c_p.l(_printf_dec.o)
    0x08000994   0x08000994   0x00000026   Code   RO         1611    .text               c_p.l(_printf_charcount.o)
    0x080009ba   0x080009ba   0x00000002   PAD
    0x080009bc   0x080009bc   0x00000030   Code   RO         1613    .text               c_p.l(_printf_char_common.o)
    0x080009ec   0x080009ec   0x0000000a   Code   RO         1615    .text               c_p.l(_sputc.o)
    0x080009f6   0x080009f6   0x00000010   Code   RO         1617    .text               c_p.l(_snputc.o)
    0x08000a06   0x08000a06   0x00000002   PAD
    0x08000a08   0x08000a08   0x000000bc   Code   RO         1619    .text               c_p.l(_printf_wctomb.o)
    0x08000ac4   0x08000ac4   0x00000070   Code   RO         1622    .text               c_p.l(_printf_longlong_dec.o)
    0x08000b34   0x08000b34   0x00000070   Code   RO         1628    .text               c_p.l(_printf_oct_int_ll.o)
    0x08000ba4   0x08000ba4   0x00000098   Code   RO         1648    .text               c_p.l(_printf_hex_int_ll_ptr.o)
    0x08000c3c   0x08000c3c   0x00000188   Code   RO         1668    .text               c_p.l(__printf_flags_ss_wp.o)
    0x08000dc4   0x08000dc4   0x00000090   Code   RO         1700    .text               fz_ps.l(fsqrt.o)
    0x08000e54   0x08000e54   0x00000008   Code   RO         1731    .text               c_p.l(rt_errno_addr_intlibspace.o)
    0x08000e5c   0x08000e5c   0x0000007a   Code   RO         1733    .text               c_p.l(lludiv10.o)
    0x08000ed6   0x08000ed6   0x000000b0   Code   RO         1735    .text               c_p.l(_printf_intcommon.o)
    0x08000f86   0x08000f86   0x00000002   PAD
    0x08000f88   0x08000f88   0x00000414   Code   RO         1737    .text               c_p.l(_printf_fp_dec.o)
    0x0800139c   0x0800139c   0x000002d8   Code   RO         1741    .text               c_p.l(_printf_fp_hex.o)
    0x08001674   0x08001674   0x0000002e   Code   RO         1746    .text               c_p.l(_printf_char.o)
    0x080016a2   0x080016a2   0x0000002e   Code   RO         1748    .text               c_p.l(_printf_wchar.o)
    0x080016d0   0x080016d0   0x00000042   Code   RO         1751    .text               c_p.l(_c16rtomb.o)
    0x08001712   0x08001712   0x00000028   Code   RO         1753    .text               c_p.l(rtudiv10.o)
    0x0800173a   0x0800173a   0x00000002   PAD
    0x0800173c   0x0800173c   0x00000064   Code   RO         1755    .text               fz_ps.l(fcmpin.o)
    0x080017a0   0x080017a0   0x00000008   Code   RO         1757    .text               c_p.l(libspace.o)
    0x080017a8   0x080017a8   0x0000003e   Code   RO         1760    .text               c_p.l(sys_stackheap_outer.o)
    0x080017e6   0x080017e6   0x00000002   PAD
    0x080017e8   0x080017e8   0x00000010   Code   RO         1763    .text               c_p.l(rt_ctype_table.o)
    0x080017f8   0x080017f8   0x00000008   Code   RO         1768    .text               c_p.l(rt_locale_intlibspace.o)
    0x08001800   0x08001800   0x00000088   Code   RO         1770    .text               c_p.l(_printf_fp_infnan.o)
    0x08001888   0x08001888   0x000000d8   Code   RO         1772    .text               c_p.l(bigflt0.o)
    0x08001960   0x08001960   0x00000580   Code   RO         1775    .text               c_p.l(btod.o)
    0x08001ee0   0x08001ee0   0x00000010   Code   RO         1784    .text               c_p.l(exit.o)
    0x08001ef0   0x08001ef0   0x0000002e   Code   RO         1796    .text               fz_ps.l(cmpret.o)
    0x08001f1e   0x08001f1e   0x00000002   PAD
    0x08001f20   0x08001f20   0x00000010   Code   RO         1798    .text               fz_ps.l(fnan2.o)
    0x08001f30   0x08001f30   0x00000088   Code   RO         1818    .text               c_p.l(strcmp.o)
    0x08001fb8   0x08001fb8   0x0000005e   Code   RO         1867    .text               fz_ps.l(retnan.o)
    0x08002016   0x08002016   0x00000002   PAD
    0x08002018   0x08002018   0x0000000c   Code   RO         1869    .text               c_p.l(sys_exit.o)
    0x08002024   0x08002024   0x00000002   Code   RO         1894    .text               c_p.l(use_no_semi.o)
    0x08002026   0x08002026   0x00000000   Code   RO         1896    .text               c_p.l(indicate_semi.o)
    0x08002026   0x08002026   0x00000002   PAD
    0x08002028   0x08002028   0x00000010   Code   RO          109    .text.ADC1_COMP_IRQHandler  stm32l0xx_it.o
    0x08002038   0x08002038   0x000000b0   Code   RO          177    .text.ADC_DMAConvCplt  stm32l0xx_hal_adc.o
    0x080020e8   0x080020e8   0x0000002a   Code   RO          181    .text.ADC_DMAError  stm32l0xx_hal_adc.o
    0x08002112   0x08002112   0x00000016   Code   RO          179    .text.ADC_DMAHalfConvCplt  stm32l0xx_hal_adc.o
    0x08002128   0x08002128   0x00000038   Code   RO          199    .text.ADC_DelayMicroSecond  stm32l0xx_hal_adc.o
    0x08002160   0x08002160   0x000000d0   Code   RO          163    .text.ADC_Enable    stm32l0xx_hal_adc.o
    0x08002230   0x08002230   0x00000068   Code   RO           21    .text.Calibrate_Bias  main.o
    0x08002298   0x08002298   0x00000010   Code   RO          107    .text.DMA1_Channel1_IRQHandler  stm32l0xx_it.o
    0x080022a8   0x080022a8   0x00000054   Code   RO          534    .text.DMA_SetConfig  stm32l0xx_hal_dma.o
    0x080022fc   0x080022fc   0x0000000e   Code   RO           53    .text.Error_Handler  main.o
    0x0800230a   0x0800230a   0x00000002   PAD
    0x0800230c   0x0800230c   0x00000160   Code   RO         1426    .text.GFX_DrawChar  gfx_bw.o
    0x0800246c   0x0800246c   0x00000026   Code   RO         1434    .text.GFX_DrawFastVLine  gfx_bw.o
    0x08002492   0x08002492   0x0000004c   Code   RO         1428    .text.GFX_DrawFillRectangle  gfx_bw.o
    0x080024de   0x080024de   0x00000002   PAD
    0x080024e0   0x080024e0   0x000000b8   Code   RO         1430    .text.GFX_DrawString  gfx_bw.o
    0x08002598   0x08002598   0x00000014   Code   RO         1416    .text.GFX_SetFont   gfx_bw.o
    0x080025ac   0x080025ac   0x00000020   Code   RO         1418    .text.GFX_SetFontSize  gfx_bw.o
    0x080025cc   0x080025cc   0x00000148   Code   RO         1432    .text.GFX_WriteLine  gfx_bw.o
    0x08002714   0x08002714   0x00000136   Code   RO          214    .text.HAL_ADCEx_Calibration_Start  stm32l0xx_hal_adc_ex.o
    0x0800284a   0x0800284a   0x00000002   PAD
    0x0800284c   0x0800284c   0x00000160   Code   RO          197    .text.HAL_ADC_ConfigChannel  stm32l0xx_hal_adc.o
    0x080029ac   0x080029ac   0x00000014   Code   RO           33    .text.HAL_ADC_ConvCpltCallback  main.o
    0x080029c0   0x080029c0   0x00000008   Code   RO          195    .text.HAL_ADC_ConvHalfCpltCallback  stm32l0xx_hal_adc.o
    0x080029c8   0x080029c8   0x00000008   Code   RO          193    .text.HAL_ADC_ErrorCallback  stm32l0xx_hal_adc.o
    0x080029d0   0x080029d0   0x0000017a   Code   RO          187    .text.HAL_ADC_IRQHandler  stm32l0xx_hal_adc.o
    0x08002b4a   0x08002b4a   0x00000002   PAD
    0x08002b4c   0x08002b4c   0x000002b0   Code   RO          149    .text.HAL_ADC_Init  stm32l0xx_hal_adc.o
    0x08002dfc   0x08002dfc   0x00000008   Code   RO          191    .text.HAL_ADC_LevelOutOfWindowCallback  stm32l0xx_hal_adc.o
    0x08002e04   0x08002e04   0x000000c8   Code   RO          126    .text.HAL_ADC_MspInit  stm32l0xx_hal_msp.o
    0x08002ecc   0x08002ecc   0x0000010c   Code   RO          175    .text.HAL_ADC_Start_DMA  stm32l0xx_hal_adc.o
    0x08002fd8   0x08002fd8   0x0000007a   Code   RO          538    .text.HAL_DMA_Abort  stm32l0xx_hal_dma.o
    0x08003052   0x08003052   0x0000007c   Code   RO          540    .text.HAL_DMA_Abort_IT  stm32l0xx_hal_dma.o
    0x080030ce   0x080030ce   0x0000015c   Code   RO          544    .text.HAL_DMA_IRQHandler  stm32l0xx_hal_dma.o
    0x0800322a   0x0800322a   0x00000002   PAD
    0x0800322c   0x0800322c   0x000000dc   Code   RO          528    .text.HAL_DMA_Init  stm32l0xx_hal_dma.o
    0x08003308   0x08003308   0x000000ca   Code   RO          536    .text.HAL_DMA_Start_IT  stm32l0xx_hal_dma.o
    0x080033d2   0x080033d2   0x00000002   PAD
    0x080033d4   0x080033d4   0x00000040   Code   RO          255    .text.HAL_Delay     stm32l0xx_hal.o
    0x08003414   0x08003414   0x00000310   Code   RO          505    .text.HAL_GPIO_Init  stm32l0xx_hal_gpio.o
    0x08003724   0x08003724   0x00000032   Code   RO          509    .text.HAL_GPIO_ReadPin  stm32l0xx_hal_gpio.o
    0x08003756   0x08003756   0x0000002c   Code   RO          511    .text.HAL_GPIO_WritePin  stm32l0xx_hal_gpio.o
    0x08003782   0x08003782   0x00000002   PAD
    0x08003784   0x08003784   0x00000008   Code   RO          247    .text.HAL_GetTick   stm32l0xx_hal.o
    0x0800378c   0x0800378c   0x00000018   Code   RO          245    .text.HAL_IncTick   stm32l0xx_hal.o
    0x080037a4   0x080037a4   0x0000003c   Code   RO          235    .text.HAL_Init      stm32l0xx_hal.o
    0x080037e0   0x080037e0   0x00000070   Code   RO          237    .text.HAL_InitTick  stm32l0xx_hal.o
    0x08003850   0x08003850   0x0000001c   Code   RO          124    .text.HAL_MspInit   stm32l0xx_hal_msp.o
    0x0800386c   0x0800386c   0x00000016   Code   RO          627    .text.HAL_NVIC_EnableIRQ  stm32l0xx_hal_cortex.o
    0x08003882   0x08003882   0x0000001c   Code   RO          623    .text.HAL_NVIC_SetPriority  stm32l0xx_hal_cortex.o
    0x0800389e   0x0800389e   0x00000002   PAD
    0x080038a0   0x080038a0   0x0000036c   Code   RO          342    .text.HAL_RCCEx_PeriphCLKConfig  stm32l0xx_hal_rcc_ex.o
    0x08003c0c   0x08003c0c   0x000002f8   Code   RO          315    .text.HAL_RCC_ClockConfig  stm32l0xx_hal_rcc.o
    0x08003f04   0x08003f04   0x0000000c   Code   RO          321    .text.HAL_RCC_GetHCLKFreq  stm32l0xx_hal_rcc.o
    0x08003f10   0x08003f10   0x0000001c   Code   RO          323    .text.HAL_RCC_GetPCLK1Freq  stm32l0xx_hal_rcc.o
    0x08003f2c   0x08003f2c   0x00000020   Code   RO          325    .text.HAL_RCC_GetPCLK2Freq  stm32l0xx_hal_rcc.o
    0x08003f4c   0x08003f4c   0x00000120   Code   RO          313    .text.HAL_RCC_GetSysClockFreq  stm32l0xx_hal_rcc.o
    0x0800406c   0x0800406c   0x0000086c   Code   RO          311    .text.HAL_RCC_OscConfig  stm32l0xx_hal_rcc.o
    0x080048d8   0x080048d8   0x00000104   Code   RO          707    .text.HAL_SPI_Init  stm32l0xx_hal_spi.o
    0x080049dc   0x080049dc   0x00000070   Code   RO          130    .text.HAL_SPI_MspInit  stm32l0xx_hal_msp.o
    0x08004a4c   0x08004a4c   0x000002c8   Code   RO          715    .text.HAL_SPI_Transmit  stm32l0xx_hal_spi.o
    0x08004d14   0x08004d14   0x00000010   Code   RO          639    .text.HAL_SYSTICK_Config  stm32l0xx_hal_cortex.o
    0x08004d24   0x08004d24   0x000000cc   Code   RO         1069    .text.HAL_TIMEx_MasterConfigSynchronization  stm32l0xx_hal_tim_ex.o
    0x08004df0   0x08004df0   0x00000080   Code   RO          824    .text.HAL_TIM_Base_Init  stm32l0xx_hal_tim.o
    0x08004e70   0x08004e70   0x00000064   Code   RO          134    .text.HAL_TIM_Base_MspInit  stm32l0xx_hal_msp.o
    0x08004ed4   0x08004ed4   0x000000ac   Code   RO          838    .text.HAL_TIM_Base_Start_IT  stm32l0xx_hal_tim.o
    0x08004f80   0x08004f80   0x00000008   Code   RO          960    .text.HAL_TIM_IC_CaptureCallback  stm32l0xx_hal_tim.o
    0x08004f88   0x08004f88   0x000001ce   Code   RO          958    .text.HAL_TIM_IRQHandler  stm32l0xx_hal_tim.o
    0x08005156   0x08005156   0x00000008   Code   RO          962    .text.HAL_TIM_OC_DelayElapsedCallback  stm32l0xx_hal_tim.o
    0x0800515e   0x0800515e   0x00000008   Code   RO          964    .text.HAL_TIM_PWM_PulseFinishedCallback  stm32l0xx_hal_tim.o
    0x08005166   0x08005166   0x00000002   PAD
    0x08005168   0x08005168   0x00000070   Code   RO           31    .text.HAL_TIM_PeriodElapsedCallback  main.o
    0x080051d8   0x080051d8   0x00000008   Code   RO          968    .text.HAL_TIM_TriggerCallback  stm32l0xx_hal_tim.o
    0x080051e0   0x080051e0   0x0000000c   Code   RO         1170    .text.HAL_UARTEx_RxEventCallback  stm32l0xx_hal_uart.o
    0x080051ec   0x080051ec   0x00000008   Code   RO         1221    .text.HAL_UARTEx_WakeupCallback  stm32l0xx_hal_uart_ex.o
    0x080051f4   0x080051f4   0x00000008   Code   RO         1168    .text.HAL_UART_ErrorCallback  stm32l0xx_hal_uart.o
    0x080051fc   0x080051fc   0x0000054c   Code   RO         1164    .text.HAL_UART_IRQHandler  stm32l0xx_hal_uart.o
    0x08005748   0x08005748   0x000000b0   Code   RO         1080    .text.HAL_UART_Init  stm32l0xx_hal_uart.o
    0x080057f8   0x080057f8   0x00000080   Code   RO          138    .text.HAL_UART_MspInit  stm32l0xx_hal_msp.o
    0x08005878   0x08005878   0x000000fc   Code   RO         1106    .text.HAL_UART_Transmit_IT  stm32l0xx_hal_uart.o
    0x08005974   0x08005974   0x00000020   Code   RO           13    .text.HAL_UART_TxCpltCallback  main.o
    0x08005994   0x08005994   0x00000004   Code   RO           99    .text.HardFault_Handler  stm32l0xx_it.o
    0x08005998   0x08005998   0x0000007c   Code   RO           43    .text.MX_ADC_Init   main.o
    0x08005a14   0x08005a14   0x00000034   Code   RO           41    .text.MX_DMA_Init   main.o
    0x08005a48   0x08005a48   0x000000f4   Code   RO           39    .text.MX_GPIO_Init  main.o
    0x08005b3c   0x08005b3c   0x0000004c   Code   RO           45    .text.MX_SPI1_Init  main.o
    0x08005b88   0x08005b88   0x00000054   Code   RO           47    .text.MX_TIM6_Init  main.o
    0x08005bdc   0x08005bdc   0x00000058   Code   RO           49    .text.MX_TIM7_Init  main.o
    0x08005c34   0x08005c34   0x00000044   Code   RO           51    .text.MX_USART2_UART_Init  main.o
    0x08005c78   0x08005c78   0x00000004   Code   RO           97    .text.NMI_Handler   stm32l0xx_it.o
    0x08005c7c   0x08005c7c   0x00000002   Code   RO          103    .text.PendSV_Handler  stm32l0xx_it.o
    0x08005c7e   0x08005c7e   0x00000002   PAD
    0x08005c80   0x08005c80   0x000000c0   Code   RO          717    .text.SPI_EndRxTxTransaction  stm32l0xx_hal_spi.o
    0x08005d40   0x08005d40   0x00000130   Code   RO          815    .text.SPI_WaitFlagStateUntilTimeout  stm32l0xx_hal_spi.o
    0x08005e70   0x08005e70   0x0000003c   Code   RO         1509    .text.SSD1306_Clear  oled_ssd1306.o
    0x08005eac   0x08005eac   0x00000028   Code   RO         1469    .text.SSD1306_Command  oled_ssd1306.o
    0x08005ed4   0x08005ed4   0x0000003c   Code   RO         1511    .text.SSD1306_Display  oled_ssd1306.o
    0x08005f10   0x08005f10   0x00000026   Code   RO         1479    .text.SSD1306_DisplayON  oled_ssd1306.o
    0x08005f36   0x08005f36   0x00000002   PAD
    0x08005f38   0x08005f38   0x000000dc   Code   RO         1507    .text.SSD1306_DrawPixel  oled_ssd1306.o
    0x08006014   0x08006014   0x000000ac   Code   RO         1503    .text.SSD1306_Init  oled_ssd1306.o
    0x080060c0   0x080060c0   0x0000002c   Code   RO         1473    .text.SSD1306_Reset  oled_ssd1306.o
    0x080060ec   0x080060ec   0x00000038   Code   RO         1477    .text.SSD1306_RotateDisplay  oled_ssd1306.o
    0x08006124   0x08006124   0x0000001c   Code   RO         1481    .text.SSD1306_SetContrast  oled_ssd1306.o
    0x08006140   0x08006140   0x0000001c   Code   RO         1505    .text.SSD1306_SpiInit  oled_ssd1306.o
    0x0800615c   0x0800615c   0x00000010   Code   RO         1499    .text.SSD1306_StopFadeOutOrBlinking  oled_ssd1306.o
    0x0800616c   0x0800616c   0x0000000a   Code   RO         1493    .text.SSD1306_StopScroll  oled_ssd1306.o
    0x08006176   0x08006176   0x00000002   Code   RO          101    .text.SVC_Handler   stm32l0xx_it.o
    0x08006178   0x08006178   0x00000050   Code   RO          641    .text.SysTick_Config  stm32l0xx_hal_cortex.o
    0x080061c8   0x080061c8   0x00000008   Code   RO          105    .text.SysTick_Handler  stm32l0xx_it.o
    0x080061d0   0x080061d0   0x000000a8   Code   RO           37    .text.SystemClock_Config  main.o
    0x08006278   0x08006278   0x00000002   Code   RO         1252    .text.SystemInit    system_stm32l0xx.o
    0x0800627a   0x0800627a   0x00000002   PAD
    0x0800627c   0x0800627c   0x00000010   Code   RO          111    .text.TIM6_DAC_IRQHandler  stm32l0xx_it.o
    0x0800628c   0x0800628c   0x00000010   Code   RO          113    .text.TIM7_IRQHandler  stm32l0xx_it.o
    0x0800629c   0x0800629c   0x000000d0   Code   RO          828    .text.TIM_Base_SetConfig  stm32l0xx_hal_tim.o
    0x0800636c   0x0800636c   0x0000015a   Code   RO         1084    .text.UART_AdvFeatureConfig  stm32l0xx_hal_uart.o
    0x080064c6   0x080064c6   0x00000002   PAD
    0x080064c8   0x080064c8   0x0000015c   Code   RO         1088    .text.UART_CheckIdleState  stm32l0xx_hal_uart.o
    0x08006624   0x08006624   0x0000001e   Code   RO         1166    .text.UART_DMAAbortOnError  stm32l0xx_hal_uart.o
    0x08006642   0x08006642   0x000000b0   Code   RO         1136    .text.UART_EndRxTransfer  stm32l0xx_hal_uart.o
    0x080066f2   0x080066f2   0x0000004a   Code   RO         1172    .text.UART_EndTransmit_IT  stm32l0xx_hal_uart.o
    0x0800673c   0x0800673c   0x00000504   Code   RO         1086    .text.UART_SetConfig  stm32l0xx_hal_uart.o
    0x08006c40   0x08006c40   0x000000ac   Code   RO         1108    .text.UART_TxISR_16BIT  stm32l0xx_hal_uart.o
    0x08006cec   0x08006cec   0x0000009c   Code   RO         1110    .text.UART_TxISR_8BIT  stm32l0xx_hal_uart.o
    0x08006d88   0x08006d88   0x00000108   Code   RO         1102    .text.UART_WaitOnFlagUntilTimeout  stm32l0xx_hal_uart.o
    0x08006e90   0x08006e90   0x00000010   Code   RO          115    .text.USART2_IRQHandler  stm32l0xx_it.o
    0x08006ea0   0x08006ea0   0x0000002c   Code   RO          629    .text.__NVIC_EnableIRQ  stm32l0xx_hal_cortex.o
    0x08006ecc   0x08006ecc   0x00000084   Code   RO          625    .text.__NVIC_SetPriority  stm32l0xx_hal_cortex.o
    0x08006f50   0x08006f50   0x0000001e   Code   RO         1269    .text.clear_in_events  statechart.o
    0x08006f6e   0x08006f6e   0x0000000e   Code   RO         1393    .text.enact_main_region_Start  statechart.o
    0x08006f7c   0x08006f7c   0x00000016   Code   RO         1347    .text.enact_main_region_Vykdymas_r1_Processing  statechart.o
    0x08006f92   0x08006f92   0x00000018   Code   RO         1339    .text.enact_main_region_Vykdymas_r1_SampleReadingADC  statechart.o
    0x08006faa   0x08006faa   0x00000010   Code   RO         1333    .text.enact_main_region_Vykdymas_r1_SampleRequestedADC  statechart.o
    0x08006fba   0x08006fba   0x00000016   Code   RO         1361    .text.enact_main_region_Vykdymas_r2_LCD_Send  statechart.o
    0x08006fd0   0x08006fd0   0x00000016   Code   RO         1367    .text.enact_main_region_Vykdymas_r3_UART_Send  statechart.o
    0x08006fe6   0x08006fe6   0x00000016   Code   RO         1375    .text.enact_main_region_Vykdymas_r4_Check_Buttons  statechart.o
    0x08006ffc   0x08006ffc   0x0000001c   Code   RO         1391    .text.enseq_main_region_Start_default  statechart.o
    0x08007018   0x08007018   0x0000001c   Code   RO         1345    .text.enseq_main_region_Vykdymas_r1_Processing_default  statechart.o
    0x08007034   0x08007034   0x0000001c   Code   RO         1337    .text.enseq_main_region_Vykdymas_r1_SampleReadingADC_default  statechart.o
    0x08007050   0x08007050   0x0000001c   Code   RO         1331    .text.enseq_main_region_Vykdymas_r1_SampleRequestedADC_default  statechart.o
    0x0800706c   0x0800706c   0x00000014   Code   RO         1343    .text.enseq_main_region_Vykdymas_r1_WaitSamplePeriod_default  statechart.o
    0x08007080   0x08007080   0x0000001c   Code   RO         1359    .text.enseq_main_region_Vykdymas_r2_LCD_Send_default  statechart.o
    0x0800709c   0x0800709c   0x00000014   Code   RO         1351    .text.enseq_main_region_Vykdymas_r2_LCD_default  statechart.o
    0x080070b0   0x080070b0   0x0000001c   Code   RO         1365    .text.enseq_main_region_Vykdymas_r3_UART_Send_default  statechart.o
    0x080070cc   0x080070cc   0x00000014   Code   RO         1353    .text.enseq_main_region_Vykdymas_r3_UART_default  statechart.o
    0x080070e0   0x080070e0   0x00000014   Code   RO         1355    .text.enseq_main_region_Vykdymas_r4_Button_default  statechart.o
    0x080070f4   0x080070f4   0x0000001c   Code   RO         1371    .text.enseq_main_region_Vykdymas_r4_Check_Buttons_default  statechart.o
    0x08007110   0x08007110   0x00000010   Code   RO         1277    .text.enseq_main_region_default  statechart.o
    0x08007120   0x08007120   0x00000012   Code   RO         1349    .text.exact_main_region_Vykdymas_r1_Processing  statechart.o
    0x08007132   0x08007132   0x0000001e   Code   RO         1341    .text.exact_main_region_Vykdymas_r1_SampleReadingADC  statechart.o
    0x08007150   0x08007150   0x00000014   Code   RO         1335    .text.exseq_main_region_Vykdymas_r1_SampleRequestedADC  statechart.o
    0x08007164   0x08007164   0x00000014   Code   RO         1329    .text.exseq_main_region_Vykdymas_r1_WaitSamplePeriod  statechart.o
    0x08007178   0x08007178   0x00000012   Code   RO         1357    .text.exseq_main_region_Vykdymas_r2_LCD  statechart.o
    0x0800718a   0x0800718a   0x00000014   Code   RO         1363    .text.exseq_main_region_Vykdymas_r3_UART  statechart.o
    0x0800719e   0x0800719e   0x00000014   Code   RO         1369    .text.exseq_main_region_Vykdymas_r4_Button  statechart.o
    0x080071b2   0x080071b2   0x00000002   PAD
    0x080071b4   0x080071b4   0x00000078   Code   RO           35    .text.main          main.o
    0x0800722c   0x0800722c   0x00000048   Code   RO         1315    .text.main_region_Start_react  statechart.o
    0x08007274   0x08007274   0x00000040   Code   RO         1313    .text.main_region_Vykdymas_r1_Processing_react  statechart.o
    0x080072b4   0x080072b4   0x0000004c   Code   RO         1311    .text.main_region_Vykdymas_r1_SampleReadingADC_react  statechart.o
    0x08007300   0x08007300   0x00000048   Code   RO         1309    .text.main_region_Vykdymas_r1_SampleRequestedADC_react  statechart.o
    0x08007348   0x08007348   0x00000048   Code   RO         1307    .text.main_region_Vykdymas_r1_WaitSamplePeriod_react  statechart.o
    0x08007390   0x08007390   0x00000032   Code   RO         1317    .text.main_region_Vykdymas_r2_LCD_Send_react  statechart.o
    0x080073c2   0x080073c2   0x00000048   Code   RO         1319    .text.main_region_Vykdymas_r2_LCD_react  statechart.o
    0x0800740a   0x0800740a   0x00000034   Code   RO         1323    .text.main_region_Vykdymas_r3_UART_Send_react  statechart.o
    0x0800743e   0x0800743e   0x00000048   Code   RO         1321    .text.main_region_Vykdymas_r3_UART_react  statechart.o
    0x08007486   0x08007486   0x00000066   Code   RO         1325    .text.main_region_Vykdymas_r4_Button_react  statechart.o
    0x080074ec   0x080074ec   0x0000004a   Code   RO         1327    .text.main_region_Vykdymas_r4_Check_Buttons_react  statechart.o
    0x08007536   0x08007536   0x00000022   Code   RO         1373    .text.main_region_Vykdymas_react  statechart.o
    0x08007558   0x08007558   0x00000140   Code   RO         1279    .text.micro_step    statechart.o
    0x08007698   0x08007698   0x00000010   Code   RO         1389    .text.react_main_region__entry_Default  statechart.o
    0x080076a8   0x080076a8   0x00000082   Code   RO         1287    .text.run_cycle     statechart.o
    0x0800772a   0x0800772a   0x00000024   Code   RO         1297    .text.statechart_add_event_to_queue  statechart.o
    0x0800774e   0x0800774e   0x00000002   PAD
    0x08007750   0x08007750   0x000000cc   Code   RO           29    .text.statechart_checkButtons  main.o
    0x0800781c   0x0800781c   0x0000007c   Code   RO         1381    .text.statechart_dispatch_event  statechart.o
    0x08007898   0x08007898   0x00000020   Code   RO         1377    .text.statechart_dispatch_next_event  statechart.o
    0x080078b8   0x080078b8   0x0000016c   Code   RO           25    .text.statechart_displayInfo  main.o
    0x08007a24   0x08007a24   0x00000072   Code   RO         1275    .text.statechart_enter  statechart.o
    0x08007a96   0x08007a96   0x00000012   Code   RO         1383    .text.statechart_event_init  statechart.o
    0x08007aa8   0x08007aa8   0x00000026   Code   RO         1273    .text.statechart_eventqueue_init  statechart.o
    0x08007ace   0x08007ace   0x00000058   Code   RO         1387    .text.statechart_eventqueue_pop  statechart.o
    0x08007b26   0x08007b26   0x00000068   Code   RO         1407    .text.statechart_eventqueue_push  statechart.o
    0x08007b8e   0x08007b8e   0x0000000c   Code   RO         1385    .text.statechart_eventqueue_size  statechart.o
    0x08007b9a   0x08007b9a   0x00000036   Code   RO         1379    .text.statechart_get_next_event  statechart.o
    0x08007bd0   0x08007bd0   0x0000004e   Code   RO         1267    .text.statechart_init  statechart.o
    0x08007c1e   0x08007c1e   0x00000010   Code   RO         1271    .text.statechart_internal_set_sample_no  statechart.o
    0x08007c2e   0x08007c2e   0x00000002   PAD
    0x08007c30   0x08007c30   0x0000010c   Code   RO           23    .text.statechart_processData  main.o
    0x08007d3c   0x08007d3c   0x0000001a   Code   RO         1299    .text.statechart_raise_ev_ADCSampleReady  statechart.o
    0x08007d56   0x08007d56   0x0000001a   Code   RO         1305    .text.statechart_raise_ev_Button  statechart.o
    0x08007d70   0x08007d70   0x0000001a   Code   RO         1303    .text.statechart_raise_ev_DisplayLCD  statechart.o
    0x08007d8a   0x08007d8a   0x0000001a   Code   RO         1295    .text.statechart_raise_ev_GetSample  statechart.o
    0x08007da4   0x08007da4   0x0000001a   Code   RO         1301    .text.statechart_raise_ev_SendUart  statechart.o
    0x08007dbe   0x08007dbe   0x00000002   PAD
    0x08007dc0   0x08007dc0   0x00000018   Code   RO           17    .text.statechart_readADCSample  main.o
    0x08007dd8   0x08007dd8   0x00000028   Code   RO           19    .text.statechart_saveADCSample  main.o
    0x08007e00   0x08007e00   0x00000088   Code   RO           27    .text.statechart_sendUART  main.o
    0x08007e88   0x08007e88   0x0000001c   Code   RO           15    .text.statechart_startConvADC  main.o
    0x08007ea4   0x08007ea4   0x00000030   Code   RO         1777    i.__ARM_common_ll_muluu  c_p.l(btod.o)
    0x08007ed4   0x08007ed4   0x0000002c   Code   RO         1802    i.__ARM_fpclassify  m_ps.l(fpclassify.o)
    0x08007f00   0x08007f00   0x0000001a   Code   RO         1564    i._fleq             fz_ps.l(fcmp.o)
    0x08007f1a   0x08007f1a   0x0000000e   Code   RO         1661    i._is_digit         c_p.l(__printf_wp.o)
    0x08007f28   0x08007f28   0x0000002c   Code   RO         1587    i.sqrtf             m_ps.l(sqrtf.o)
    0x08007f54   0x08007f54   0x0000002c   Code   RO         1782    locale$$code        c_p.l(lc_numeric_c.o)
    0x08007f80   0x08007f80   0x0000002c   Code   RO         1812    locale$$code        c_p.l(lc_ctype_c.o)
    0x08007fac   0x08007fac   0x0000008c   Code   RO         1549    x$fpl$fadd          fz_ps.l(faddsub.o)
    0x08008038   0x08008038   0x00000054   Code   RO         1698    x$fpl$fleqf         fz_ps.l(flef.o)
    0x0800808c   0x0800808c   0x000000b0   Code   RO         1584    x$fpl$fmul          fz_ps.l(fmul.o)
    0x0800813c   0x0800813c   0x000000d0   Code   RO         1551    x$fpl$fsub          fz_ps.l(faddsub.o)
    0x0800820c   0x0800820c   0x00000010   Code   RO         1702    x$fpl$printf1       fz_ps.l(printf1.o)
    0x0800821c   0x0800821c   0x00000010   Code   RO         1704    x$fpl$printf2       fz_ps.l(printf2.o)
    0x0800822c   0x0800822c   0x00000000   Code   RO         1710    x$fpl$usenofp       fz_ps.l(usenofp.o)
    0x0800822c   0x0800822c   0x00000040   Data   RO         1580    .constdata          fz_ps.l(fdiv.o)
    0x0800826c   0x0800826c   0x00000008   Data   RO         1620    .constdata          c_p.l(_printf_wctomb.o)
    0x08008274   0x08008274   0x00000028   Data   RO         1649    .constdata          c_p.l(_printf_hex_int_ll_ptr.o)
    0x0800829c   0x0800829c   0x00000011   Data   RO         1669    .constdata          c_p.l(__printf_flags_ss_wp.o)
    0x080082ad   0x080082ad   0x00000026   Data   RO         1742    .constdata          c_p.l(_printf_fp_hex.o)
    0x080082d3   0x080082d3   0x00000001   PAD
    0x080082d4   0x080082d4   0x00000094   Data   RO         1773    .constdata          c_p.l(bigflt0.o)
    0x08008368   0x08008368   0x00000010   Data   RO         1257    .rodata.AHBPrescTable  system_stm32l0xx.o
    0x08008378   0x08008378   0x00000008   Data   RO         1258    .rodata.APBPrescTable  system_stm32l0xx.o
    0x08008380   0x08008380   0x00000009   Data   RO         1259    .rodata.PLLMulTable  system_stm32l0xx.o
    0x08008389   0x08008389   0x000001dd   Data   RO           55    .rodata.font_8x5    main.o
    0x08008566   0x08008566   0x00000049   Data   RO           77    .rodata.str1.1      main.o
    0x080085af   0x080085af   0x00000001   PAD
    0x080085b0   0x080085b0   0x00000020   Data   RO         1949    Region$$Table       anon$$obj.o
    0x080085d0   0x080085d0   0x0000001c   Data   RO         1781    locale$$data        c_p.l(lc_numeric_c.o)
    0x080085ec   0x080085ec   0x00000110   Data   RO         1811    locale$$data        c_p.l(lc_ctype_c.o)


    Execution Region RW_IRAM1 (Exec base: 0x20000000, Load base: 0x08008700, Size: 0x00000ed0, Max: 0x00005000, ABSOLUTE)

    Exec Addr    Load Addr    Size         Type   Attr      Idx    E Section Name        Object

    0x20000000   0x08008700   0x00000004   Data   RW         1256    .data.SystemCoreClock  system_stm32l0xx.o
    0x20000004   0x08008704   0x00000004   Data   RW           58    .data.V_BIAS        main.o
    0x20000008   0x08008708   0x00000001   Data   RW         1460    .data.size          gfx_bw.o
    0x20000009   0x08008709   0x00000001   Data   RW          298    .data.uwTickFreq    stm32l0xx_hal.o
    0x2000000a   0x0800870a   0x00000002   PAD
    0x2000000c   0x0800870c   0x00000004   Data   RW          297    .data.uwTickPrio    stm32l0xx_hal.o
    0x20000010        -       0x00000060   Zero   RW         1758    .bss                c_p.l(libspace.o)
    0x20000070        -       0x00000002   Zero   RW           60    .bss.ADC_Sample     main.o
    0x20000072        -       0x00000002   Zero   RW           59    .bss.ADC_VAL        main.o
    0x20000074        -       0x00000004   Zero   RW           75    .bss.Amplitude      main.o
    0x20000078        -       0x00000004   Zero   RW           66    .bss.Amplitude_Hold  main.o
    0x2000007c        -       0x00000190   Zero   RW           71    .bss.DataBufferADC  main.o
    0x2000020c        -       0x00000001   Zero   RW           83    .bss.HAL_TIM_PeriodElapsedCallback.tim_counter  main.o
    0x2000020d   0x08008710   0x00000003   PAD
    0x20000210        -       0x00000004   Zero   RW           65    .bss.RMS_Hold       main.o
    0x20000214        -       0x00000004   Zero   RW           74    .bss.RMS_Value      main.o
    0x20000218        -       0x00000001   Zero   RW           61    .bss.Status         main.o
    0x20000219        -       0x0000001e   Zero   RW           78    .bss.TxBuffer       main.o
    0x20000237        -       0x00000400   Zero   RW         1518    .bss.buffer         oled_ssd1306.o
    0x20000637        -       0x00000001   Zero   RW           63    .bss.cal_done       main.o
    0x20000638        -       0x00000004   Zero   RW           62    .bss.cal_msg_until  main.o
    0x2000063c        -       0x00000004   Zero   RW           68    .bss.debug_flag_lcd  main.o
    0x20000640        -       0x00000004   Zero   RW           67    .bss.debug_flag_uart  main.o
    0x20000644        -       0x00000004   Zero   RW         1461    .bss.font           gfx_bw.o
    0x20000648        -       0x0000005c   Zero   RW           70    .bss.hadc           main.o
    0x200006a4        -       0x00000048   Zero   RW           87    .bss.hdma_adc       main.o
    0x200006ec        -       0x00000001   Zero   RW           64    .bss.hold_active    main.o
    0x200006ed   0x08008710   0x00000003   PAD
    0x200006f0        -       0x00000058   Zero   RW           86    .bss.hspi1          main.o
    0x20000748        -       0x00000040   Zero   RW           84    .bss.htim6          main.o
    0x20000788        -       0x00000040   Zero   RW           85    .bss.htim7          main.o
    0x200007c8        -       0x00000088   Zero   RW           69    .bss.huart2         main.o
    0x20000850        -       0x00000040   Zero   RW           82    .bss.sc_handle      main.o
    0x20000890        -       0x00000004   Zero   RW         1517    .bss.ssd1306_spi    oled_ssd1306.o
    0x20000894        -       0x00000004   Zero   RW           81    .bss.statechart_checkButtons.B1_press_start  main.o
    0x20000898        -       0x00000004   Zero   RW           79    .bss.statechart_checkButtons.last_B1  main.o
    0x2000089c        -       0x00000004   Zero   RW           80    .bss.statechart_checkButtons.last_B2  main.o
    0x200008a0        -       0x00000020   Zero   RW           76    .bss.statechart_displayInfo.buf  main.o
    0x200008c0        -       0x00000004   Zero   RW          299    .bss.uwTick         stm32l0xx_hal.o
    0x200008c4        -       0x00000004   Zero   RW           72    .bss.v_out          main.o
    0x200008c8        -       0x00000004   Zero   RW           73    .bss.v_shunt        main.o
    0x200008cc   0x08008710   0x00000004   PAD
    0x200008d0        -       0x00000200   Zero   RW            2    HEAP                startup_stm32l073xx.o
    0x20000ad0        -       0x00000400   Zero   RW            1    STACK               startup_stm32l073xx.o


==============================================================================

Image component sizes


      Code (inc. data)   RO Data    RW Data    ZI Data      Debug   Object Name

      1030         12          0          1          4       8251   gfx_bw.o
      2370        312        550          4       1098      17332   main.o
       772         16          0          0       1028       7079   oled_ssd1306.o
        56         26        192          0       1536        644   startup_stm32l073xx.o
      2732         64          0          0          0      15309   statechart.o
       268         24          0          5          4       6717   stm32l0xx_hal.o
      2214         52          0          0          0      10599   stm32l0xx_hal_adc.o
       310          0          0          0          0       4979   stm32l0xx_hal_adc_ex.o
       322         24          0          0          0       6490   stm32l0xx_hal_cortex.o
      1100         16          0          0          0       6307   stm32l0xx_hal_dma.o
       878         40          0          0          0       4770   stm32l0xx_hal_gpio.o
       568         48          0          0          0      10290   stm32l0xx_hal_msp.o
      3276        164          0          0          0       8949   stm32l0xx_hal_rcc.o
       876         24          0          0          0       8018   stm32l0xx_hal_rcc_ex.o
      1468          8          0          0          0      19819   stm32l0xx_hal_spi.o
      1002         24          0          0          0      35193   stm32l0xx_hal_tim.o
       204          0          0          0          0       4200   stm32l0xx_hal_tim_ex.o
      4654        252          0          0          0      35337   stm32l0xx_hal_uart.o
         8          0          0          0          0       8289   stm32l0xx_hal_uart_ex.o
       100         20          0          0          0       1214   stm32l0xx_it.o
         2          0         33          4          0       1961   system_stm32l0xx.o

    ----------------------------------------------------------------------
     24244       1126        808         16       3680     221747   Object Totals
         0          0         32          0          0          0   (incl. Generated)
        34          0          1          2         10          0   (incl. Padding)

    ----------------------------------------------------------------------

      Code (inc. data)   RO Data    RW Data    ZI Data      Debug   Library Member Name

         8          0          0          0          0         68   __main.o
       392          6         17          0          0         76   __printf_flags_ss_wp.o
        14          0          0          0          0         60   __printf_wp.o
         0          0          0          0          0          0   __rtentry.o
        12          0          0          0          0          0   __rtentry2.o
         6          0          0          0          0          0   __rtentry4.o
        86         10          0          0          0          0   __scatter.o
        26          0          0          0          0          0   __scatter_copy.o
        28          0          0          0          0          0   __scatter_zi.o
        66          0          0          0          0         76   _c16rtomb.o
        10          0          0          0          0          0   _printf_a.o
        10          0          0          0          0          0   _printf_c.o
        46          0          0          0          0        100   _printf_char.o
        48          6          0          0          0         88   _printf_char_common.o
        38          0          0          0          0         60   _printf_charcount.o
        10          0          0          0          0          0   _printf_d.o
       108         18          0          0          0         76   _printf_dec.o
        10          0          0          0          0          0   _printf_e.o
        10          0          0          0          0          0   _printf_f.o
      1044         12          0          0          0        116   _printf_fp_dec.o
       728         10         38          0          0         84   _printf_fp_hex.o
       136         16          0          0          0         76   _printf_fp_infnan.o
        10          0          0          0          0          0   _printf_g.o
       152          4         40          0          0        148   _printf_hex_int_ll_ptr.o
        10          0          0          0          0          0   _printf_i.o
       176          0          0          0          0         84   _printf_intcommon.o
        10          0          0          0          0          0   _printf_l.o
        10          0          0          0          0          0   _printf_lc.o
        10          0          0          0          0          0   _printf_ll.o
        10          0          0          0          0          0   _printf_lld.o
        10          0          0          0          0          0   _printf_lli.o
        10          0          0          0          0          0   _printf_llo.o
        10          0          0          0          0          0   _printf_llu.o
        10          0          0          0          0          0   _printf_llx.o
       112         18          0          0          0         76   _printf_longlong_dec.o
        10          0          0          0          0          0   _printf_ls.o
        10          0          0          0          0          0   _printf_n.o
        10          0          0          0          0          0   _printf_o.o
       112         10          0          0          0        112   _printf_oct_int_ll.o
        10          0          0          0          0          0   _printf_p.o
        78          0          0          0          0        100   _printf_pad.o
         2          0          0          0          0          0   _printf_percent.o
         4          0          0          0          0          0   _printf_percent_end.o
        10          0          0          0          0          0   _printf_s.o
        82          0          0          0          0         72   _printf_str.o
        36          0          0          0          0         76   _printf_truncate.o
        10          0          0          0          0          0   _printf_u.o
        46          0          0          0          0        100   _printf_wchar.o
       188          6          8          0          0         80   _printf_wctomb.o
        10          0          0          0          0          0   _printf_x.o
        22          0          0          0          0         92   _rserrno.o
        16          0          0          0          0         60   _snputc.o
        10          0          0          0          0         60   _sputc.o
        18          0          0          0          0         68   aeabi_memset.o
       364          4          0          0          0         92   aeabi_sdiv.o
       216          6        148          0          0         80   bigflt0.o
      1456         30          0          0          0        336   btod.o
        16          0          0          0          0         68   exit.o
         6          0          0          0          0        136   heapauxi.o
         0          0          0          0          0          0   indicate_semi.o
        44         10        272          0          0         76   lc_ctype_c.o
        44         10         28          0          0         76   lc_numeric_c.o
         2          0          0          0          0          0   libinit.o
        30          0          0          0          0          0   libinit2.o
         2          0          0          0          0          0   libshutdown.o
         2          0          0          0          0          0   libshutdown2.o
         8          4          0          0         96         68   libspace.o
       272          0          0          0          0         88   lludiv.o
       122          0          0          0          0         72   lludiv10.o
        16          4          0          0          0         76   rt_ctype_table.o
         8          4          0          0          0         68   rt_errno_addr_intlibspace.o
         8          4          0          0          0         68   rt_locale_intlibspace.o
        64          0          0          0          0        108   rt_memclr.o
         2          0          0          0          0          0   rtexit.o
        10          0          0          0          0          0   rtexit2.o
        40          0          0          0          0         60   rtudiv10.o
        64          4          0          0          0         84   snprintf.o
        44          4          0          0          0         84   sprintf.o
       136          4          0          0          0         72   strcmp.o
        68          6          0          0          0         72   strlen.o
        12          4          0          0          0         60   sys_exit.o
        62          0          0          0          0         80   sys_stackheap_outer.o
         2          0          0          0          0         68   use_no_semi.o
        46          0          0          0          0         60   cmpret.o
        84          4          0          0          0         60   f2d.o
       348          8          0          0          0        160   faddsub.o
        26          0          0          0          0         68   fcmp.o
       100          4          0          0          0         68   fcmpin.o
       352         10         64          0          0         92   fdiv.o
        94          0          0          0          0         92   fflti.o
        84          4          0          0          0         76   flef.o
       176          4          0          0          0         80   fmul.o
        16          6          0          0          0         68   fnan2.o
       144          4          0          0          0         72   fsqrt.o
        16          4          0          0          0         76   printf1.o
        16          4          0          0          0         76   printf2.o
        94          0          0          0          0         68   retnan.o
         0          0          0          0          0          0   usenofp.o
        44          4          0          0          0         60   fpclassify.o
        44          0          0          0          0         72   sqrtf.o

    ----------------------------------------------------------------------
      8888        270        616          0         96       5248   Library Totals
        24          0          1          0          0          0   (incl. Padding)

    ----------------------------------------------------------------------

      Code (inc. data)   RO Data    RW Data    ZI Data      Debug   Library Name

      7180        214        551          0         96       4000   c_p.l
      1596         52         64          0          0       1116   fz_ps.l
        88          4          0          0          0        132   m_ps.l

    ----------------------------------------------------------------------
      8888        270        616          0         96       5248   Library Totals

    ----------------------------------------------------------------------

==============================================================================


      Code (inc. data)   RO Data    RW Data    ZI Data      Debug   

     33132       1396       1424         16       3776     223987   Grand Totals
     33132       1396       1424         16       3776     223987   ELF Image Totals
     33132       1396       1424         16          0          0   ROM Totals

==============================================================================

    Total RO  Size (Code + RO Data)                34556 (  33.75kB)
    Total RW  Size (RW Data + ZI Data)              3792 (   3.70kB)
    Total ROM Size (Code + RO Data + RW Data)      34572 (  33.76kB)

==============================================================================

